Component: ARM Compiler 5.06 update 6 (build 750) Tool: armlink [4d35ed]

==============================================================================

Section Cross References

    main.o(i.main) refers to memseta.o(.text) for __aeabi_memclr4
    main.o(i.main) refers to stm32f1xx_hal.o(i.HAL_Init) for HAL_Init
    main.o(i.main) refers to sys.o(i.Stm32_Clock_Init) for Stm32_Clock_Init
    main.o(i.main) refers to delay.o(i.delay_init) for delay_init
    main.o(i.main) refers to usart.o(i.uart_init) for uart_init
    main.o(i.main) refers to led.o(i.LED_Init) for LED_Init
    main.o(i.main) refers to printfa.o(i.__0printf) for __2printf
    main.o(i.main) refers to lua_operation.o(i.do_file_script) for do_file_script
    main.o(i.main) refers to memcpya.o(.text) for __aeabi_memcpy
    main.o(i.main) refers to usart.o(i.GetUart1Data) for GetUart1Data
    main.o(i.main) refers to lua_operation.o(i.LuaRun) for LuaRun
    main.o(i.main) refers to lua_operation.o(.data) for lua_test
    main.o(i.main) refers to main.o(.bss) for ScriptRunBuff
    main.o(i.main) refers to usart.o(.bss) for Uart1RecStruct
    stm32f1xx_it.o(i.SysTick_Handler) refers to stm32f1xx_hal.o(i.HAL_IncTick) for HAL_IncTick
    system_stm32f1xx.o(i.SystemCoreClockUpdate) refers to system_stm32f1xx.o(.data) for SystemCoreClock
    system_stm32f1xx.o(i.SystemCoreClockUpdate) refers to system_stm32f1xx.o(.constdata) for AHBPrescTable
    startup_stm32f103xe.o(RESET) refers to startup_stm32f103xe.o(STACK) for __initial_sp
    startup_stm32f103xe.o(RESET) refers to startup_stm32f103xe.o(.text) for Reset_Handler
    startup_stm32f103xe.o(RESET) refers to stm32f1xx_it.o(i.NMI_Handler) for NMI_Handler
    startup_stm32f103xe.o(RESET) refers to stm32f1xx_it.o(i.HardFault_Handler) for HardFault_Handler
    startup_stm32f103xe.o(RESET) refers to stm32f1xx_it.o(i.MemManage_Handler) for MemManage_Handler
    startup_stm32f103xe.o(RESET) refers to stm32f1xx_it.o(i.BusFault_Handler) for BusFault_Handler
    startup_stm32f103xe.o(RESET) refers to stm32f1xx_it.o(i.UsageFault_Handler) for UsageFault_Handler
    startup_stm32f103xe.o(RESET) refers to stm32f1xx_it.o(i.SVC_Handler) for SVC_Handler
    startup_stm32f103xe.o(RESET) refers to stm32f1xx_it.o(i.DebugMon_Handler) for DebugMon_Handler
    startup_stm32f103xe.o(RESET) refers to stm32f1xx_it.o(i.PendSV_Handler) for PendSV_Handler
    startup_stm32f103xe.o(RESET) refers to stm32f1xx_it.o(i.SysTick_Handler) for SysTick_Handler
    startup_stm32f103xe.o(RESET) refers to usart.o(i.USART1_IRQHandler) for USART1_IRQHandler
    startup_stm32f103xe.o(.text) refers to system_stm32f1xx.o(i.SystemInit) for SystemInit
    startup_stm32f103xe.o(.text) refers to entry.o(.ARM.Collect$$$$00000000) for __main
    stm32f1xx_hal.o(i.HAL_DeInit) refers to stm32f1xx_hal_msp.o(i.HAL_MspDeInit) for HAL_MspDeInit
    stm32f1xx_hal.o(i.HAL_Delay) refers to stm32f1xx_hal.o(i.HAL_GetTick) for HAL_GetTick
    stm32f1xx_hal.o(i.HAL_Delay) refers to stm32f1xx_hal.o(.data) for uwTickFreq
    stm32f1xx_hal.o(i.HAL_GetTick) refers to stm32f1xx_hal.o(.data) for uwTick
    stm32f1xx_hal.o(i.HAL_GetTickFreq) refers to stm32f1xx_hal.o(.data) for uwTickFreq
    stm32f1xx_hal.o(i.HAL_GetTickPrio) refers to stm32f1xx_hal.o(.data) for uwTickPrio
    stm32f1xx_hal.o(i.HAL_IncTick) refers to stm32f1xx_hal.o(.data) for uwTick
    stm32f1xx_hal.o(i.HAL_Init) refers to stm32f1xx_hal_cortex.o(i.HAL_NVIC_SetPriorityGrouping) for HAL_NVIC_SetPriorityGrouping
    stm32f1xx_hal.o(i.HAL_Init) refers to stm32f1xx_hal.o(i.HAL_InitTick) for HAL_InitTick
    stm32f1xx_hal.o(i.HAL_Init) refers to stm32f1xx_hal_msp.o(i.HAL_MspInit) for HAL_MspInit
    stm32f1xx_hal.o(i.HAL_InitTick) refers to stm32f1xx_hal_cortex.o(i.HAL_SYSTICK_Config) for HAL_SYSTICK_Config
    stm32f1xx_hal.o(i.HAL_InitTick) refers to stm32f1xx_hal_cortex.o(i.HAL_NVIC_SetPriority) for HAL_NVIC_SetPriority
    stm32f1xx_hal.o(i.HAL_InitTick) refers to stm32f1xx_hal.o(.data) for uwTickFreq
    stm32f1xx_hal.o(i.HAL_InitTick) refers to system_stm32f1xx.o(.data) for SystemCoreClock
    stm32f1xx_hal.o(i.HAL_SetTickFreq) refers to stm32f1xx_hal.o(i.HAL_InitTick) for HAL_InitTick
    stm32f1xx_hal.o(i.HAL_SetTickFreq) refers to stm32f1xx_hal.o(.data) for uwTickFreq
    stm32f1xx_hal_cortex.o(i.HAL_NVIC_GetPriorityGrouping) refers to stm32f1xx_hal_cortex.o(i.__NVIC_GetPriorityGrouping) for __NVIC_GetPriorityGrouping
    stm32f1xx_hal_cortex.o(i.HAL_NVIC_SetPriority) refers to stm32f1xx_hal_cortex.o(i.__NVIC_GetPriorityGrouping) for __NVIC_GetPriorityGrouping
    stm32f1xx_hal_cortex.o(i.HAL_NVIC_SetPriority) refers to stm32f1xx_hal_cortex.o(i.__NVIC_SetPriority) for __NVIC_SetPriority
    stm32f1xx_hal_cortex.o(i.HAL_SYSTICK_Config) refers to stm32f1xx_hal_cortex.o(i.__NVIC_SetPriority) for __NVIC_SetPriority
[...]
    lua_pushnil                              0x0800ef3f   Thumb Code    14  lapi.o(i.lua_pushnil)
    lua_pushnumber                           0x0800ef4d   Thumb Code    20  lapi.o(i.lua_pushnumber)
    lua_pushstring                           0x0800ef61   Thumb Code    72  lapi.o(i.lua_pushstring)
    lua_pushvalue                            0x0800efa9   Thumb Code    36  lapi.o(i.lua_pushvalue)
    lua_pushvfstring                         0x0800efcd   Thumb Code    38  lapi.o(i.lua_pushvfstring)
    lua_rawequal                             0x0800eff5   Thumb Code    58  lapi.o(i.lua_rawequal)
    lua_rawget                               0x0800f035   Thumb Code    62  lapi.o(i.lua_rawget)
    lua_rawgeti                              0x0800f073   Thumb Code    72  lapi.o(i.lua_rawgeti)
    lua_rawlen                               0x0800f0bb   Thumb Code    70  lapi.o(i.lua_rawlen)
    lua_rawset                               0x0800f101   Thumb Code   116  lapi.o(i.lua_rawset)
    lua_rotate                               0x0800f175   Thumb Code    80  lapi.o(i.lua_rotate)
    lua_setfield                             0x0800f1c5   Thumb Code    34  lapi.o(i.lua_setfield)
    lua_setglobal                            0x0800f1e7   Thumb Code    38  lapi.o(i.lua_setglobal)
    lua_setmetatable                         0x0800f20d   Thumb Code   182  lapi.o(i.lua_setmetatable)
    lua_settop                               0x0800f2c3   Thumb Code    62  lapi.o(i.lua_settop)
    lua_setupvalue                           0x0800f301   Thumb Code   168  lapi.o(i.lua_setupvalue)
    lua_stringtonumber                       0x0800f3a9   Thumb Code    30  lapi.o(i.lua_stringtonumber)
    lua_toboolean                            0x0800f3c7   Thumb Code    38  lapi.o(i.lua_toboolean)
    lua_tointegerx                           0x0800f3ed   Thumb Code    70  lapi.o(i.lua_tointegerx)
    lua_tolstring                            0x0800f433   Thumb Code   116  lapi.o(i.lua_tolstring)
    lua_tonumberx                            0x0800f4a7   Thumb Code    68  lapi.o(i.lua_tonumberx)
    lua_topointer                            0x0800f4eb   Thumb Code    90  lapi.o(i.lua_topointer)
    lua_type                                 0x0800f545   Thumb Code    36  lapi.o(i.lua_type)
    lua_typename                             0x0800f56d   Thumb Code    12  lapi.o(i.lua_typename)
    lua_version                              0x0800f57d   Thumb Code    16  lapi.o(i.lua_version)
    luaopen_base                             0x0800f591   Thumb Code    72  lbaselib.o(i.luaopen_base)
    main                                     0x0800f61d   Thumb Code   130  main.o(i.main)
    pow                                      0x08010055   Thumb Code  2512  pow.o(i.pow)
    realloc                                  0x08011425   Thumb Code   102  mallocr.o(i.realloc)
    sqrt                                     0x08012039   Thumb Code    76  sqrt.o(i.sqrt)
    strtod                                   0x080122cd   Thumb Code    28  strtod.o(i.strtod)
    time                                     0x08012631   Thumb Code     6  main.o(i.time)
    uart_init                                0x08012cf5   Thumb Code    46  usart.o(i.uart_init)
    AHBPrescTable                            0x080130a8   Data          16  system_stm32f1xx.o(.constdata)
    APBPrescTable                            0x080130b8   Data           8  system_stm32f1xx.o(.constdata)
    lua_test2                                0x080130c0   Data          91  lua_operation.o(.constdata)
    lua_ident                                0x08013140   Data         129  lapi.o(.constdata)
    luai_ctype_                              0x080132f8   Data         257  lctype.o(.constdata)
    luaO_nilobject_                          0x08013490   Data          16  lobject.o(.constdata)
    luaP_opnames                             0x080135a0   Data         192  lopcodes.o(.constdata)
    luaP_opmodes                             0x08013660   Data          47  lopcodes.o(.constdata)
    luaT_typenames_                          0x080136ec   Data          44  ltm.o(.constdata)
    __ctype_table                            0x08013800   Data         129  ctype_o.o(.constdata)
    __mathlib_zero                           0x08013888   Data           8  qnan.o(.constdata)
    __internal_lconv                         0x08013890   Data          56  ilconv.o(.constdata)
    Region$$Table$$Base                      0x08013d6c   Number         0  anon$$obj.o(Region$$Table)
    Region$$Table$$Limit                     0x08013d8c   Number         0  anon$$obj.o(Region$$Table)
    SystemCoreClock                          0x20000000   Data           4  system_stm32f1xx.o(.data)
    uwTick                                   0x20000004   Data           4  stm32f1xx_hal.o(.data)
    uwTickPrio                               0x20000008   Data           4  stm32f1xx_hal.o(.data)
    uwTickFreq                               0x2000000c   Data           1  stm32f1xx_hal.o(.data)
    L                                        0x20000014   Data           4  lua_operation.o(.data)
    lua_test                                 0x20000018   Data         500  lua_operation.o(.data)
    lua_test1                                0x2000020c   Data          89  lua_operation.o(.data)
    LED                                      0x20000268   Data           4  lua_operation.o(.data)
    __stdin                                  0x2000026c   Data           4  stdin.o(.data)
    __stdout                                 0x20000270   Data           4  stdout.o(.data)
    __stderr                                 0x20000274   Data           4  stderr.o(.data)
    __microlib_freelist                      0x2000027c   Data           4  mvars.o(.data)
    __microlib_freelist_initialised          0x20000280   Data           4  mvars.o(.data)
    ScriptRunBuff                            0x20000284   Data         500  main.o(.bss)
    Uart1RecStruct                           0x20000478   Data        1028  usart.o(.bss)
    aRxBuffer                                0x2000087c   Data        1024  usart.o(.bss)
    UART1_Handler                            0x20000c7c   Data          64  usart.o(.bss)
    hdma_usart1_rx                           0x20000cbc   Data          68  usart.o(.bss)
    __heap_base                              0x20000d00   Data           0  startup_stm32f103xe.o(HEAP)
    __heap_limit                             0x20008d00   Data           0  startup_stm32f103xe.o(HEAP)
    __initial_sp                             0x20009d00   Data           0  startup_stm32f103xe.o(STACK)



==============================================================================

Memory Map of the image

  Image Entry point : 0x08000131

  Load Region LR_IROM1 (Base: 0x08000000, Size: 0x00014010, Max: 0x00080000, ABSOLUTE, COMPRESSED[0x00013dfc])

    Execution Region ER_IROM1 (Exec base: 0x08000000, Load base: 0x08000000, Size: 0x00013d8c, Max: 0x00080000, ABSOLUTE)

    Exec Addr    Load Addr    Size         Type   Attr      Idx    E Section Name        Object

    0x08000000   0x08000000   0x00000130   Data   RO          479    RESET               startup_stm32f103xe.o
    0x08000130   0x08000130   0x00000000   Code   RO         7670  * .ARM.Collect$$$$00000000  mc_w.l(entry.o)
    0x08000130   0x08000130   0x00000004   Code   RO         8189    .ARM.Collect$$$$00000001  mc_w.l(entry2.o)
    0x08000134   0x08000134   0x00000004   Code   RO         8192    .ARM.Collect$$$$00000004  mc_w.l(entry5.o)
    0x08000138   0x08000138   0x00000000   Code   RO         8194    .ARM.Collect$$$$00000008  mc_w.l(entry7b.o)
    0x08000138   0x08000138   0x00000000   Code   RO         8196    .ARM.Collect$$$$0000000A  mc_w.l(entry8b.o)
    0x08000138   0x08000138   0x00000008   Code   RO         8197    .ARM.Collect$$$$0000000B  mc_w.l(entry9a.o)
    0x08000140   0x08000140   0x00000000   Code   RO         8199    .ARM.Collect$$$$0000000D  mc_w.l(entry10a.o)
    0x08000140   0x08000140   0x00000000   Code   RO         8201    .ARM.Collect$$$$0000000F  mc_w.l(entry11a.o)
    0x08000140   0x08000140   0x00000004   Code   RO         8190    .ARM.Collect$$$$00002712  mc_w.l(entry2.o)
    0x08000144   0x08000144   0x00000024   Code   RO          480    .text               startup_stm32f103xe.o
    0x08000168   0x08000168   0x00000062   Code   RO         7720    .text               mc_w.l(uldiv.o)
    0x080001ca   0x080001ca   0x00000062   Code   RO         7722    .text               mc_w.l(ldiv.o)
    0x0800022c   0x0800022c   0x0000001e   Code   RO         7724    .text               mc_w.l(llshl.o)
    0x0800024a   0x0800024a   0x00000020   Code   RO         7726    .text               mc_w.l(llushr.o)
    0x0800026a   0x0800026a   0x00000002   PAD
    0x0800026c   0x0800026c   0x00000008   Code   RO         7728    .text               mc_w.l(ctype_o.o)
    0x08000274   0x08000274   0x00000012   Code   RO         7750    .text               mc_w.l(isspace_o.o)
    0x08000286   0x08000286   0x0000000c   Code   RO         7756    .text               mc_w.l(toupper.o)
    0x08000292   0x08000292   0x00000002   PAD
    0x08000294   0x08000294   0x00000008   Code   RO         7769    .text               mc_w.l(localeconv.o)
    0x0800029c   0x0800029c   0x00000024   Code   RO         7788    .text               mc_w.l(memcpya.o)
    0x080002c0   0x080002c0   0x00000024   Code   RO         7790    .text               mc_w.l(memseta.o)
    0x080002e4   0x080002e4   0x00000014   Code   RO         7794    .text               mc_w.l(strchr.o)
    0x080002f8   0x080002f8   0x0000000e   Code   RO         7796    .text               mc_w.l(strlen.o)
    0x08000306   0x08000306   0x0000001c   Code   RO         7798    .text               mc_w.l(strcmp.o)
    0x08000322   0x08000322   0x0000001a   Code   RO         7802    .text               mc_w.l(memcmp.o)
    0x0800033c   0x0800033c   0x00000004   Code   RO         7804    .text               mc_w.l(strcoll.o)
    0x08000340   0x08000340   0x00000012   Code   RO         7806    .text               mc_w.l(strcpy.o)
    0x08000352   0x08000352   0x0000001e   Code   RO         7808    .text               mc_w.l(strncmp.o)
    0x08000370   0x08000370   0x0000001c   Code   RO         7810    .text               mc_w.l(strspn.o)
    0x0800038c   0x0800038c   0x00000020   Code   RO         7812    .text               mc_w.l(strpbrk.o)
    0x080003ac   0x080003ac   0x000000e4   Code   RO         7814    .text               mc_w.l(strerror.o)
    0x08000490   0x08000490   0x0000014e   Code   RO         8114    .text               mf_w.l(dadd.o)
    0x080005de   0x080005de   0x000000e4   Code   RO         8116    .text               mf_w.l(dmul.o)
    0x080006c2   0x080006c2   0x000000de   Code   RO         8118    .text               mf_w.l(ddiv.o)
    0x080007a0   0x080007a0   0x00000022   Code   RO         8120    .text               mf_w.l(dflti.o)
    0x080007c2   0x080007c2   0x00000028   Code   RO         8124    .text               mf_w.l(dfltl.o)
    0x080007ea   0x080007ea   0x00000032   Code   RO         8126    .text               mf_w.l(dfixui.o)
    0x0800081c   0x0800081c   0x0000004a   Code   RO         8128    .text               mf_w.l(dfixl.o)
    0x08000866   0x08000866   0x00000002   PAD
    0x08000868   0x08000868   0x00000030   Code   RO         8132    .text               mf_w.l(cdcmple.o)
    0x08000898   0x08000898   0x00000030   Code   RO         8134    .text               mf_w.l(cdrcmple.o)
    0x080008c8   0x080008c8   0x00000038   Code   RO         8136    .text               mf_w.l(d2f.o)
    0x08000900   0x08000900   0x0000003e   Code   RO         8138    .text               mf_w.l(setjmp.o)
    0x0800093e   0x0800093e   0x0000002c   Code   RO         8204    .text               mc_w.l(uidiv.o)
    0x0800096a   0x0800096a   0x00000024   Code   RO         8206    .text               mc_w.l(llsshr.o)
    0x0800098e   0x0800098e   0x00000002   PAD
    0x08000990   0x08000990   0x0000009c   Code   RO         8218    .text               mc_w.l(strtod.o)
    0x08000a2c   0x08000a2c   0x00000000   Code   RO         8220    .text               mc_w.l(iusefp.o)
    0x08000a2c   0x08000a2c   0x0000006e   Code   RO         8222    .text               mf_w.l(fepilogue.o)
    0x08000a9a   0x08000a9a   0x000000ba   Code   RO         8224    .text               mf_w.l(depilogue.o)
    0x08000b54   0x08000b54   0x0000002e   Code   RO         8226    .text               mf_w.l(dscalb.o)
    0x08000b82   0x08000b82   0x000000a2   Code   RO         8228    .text               mf_w.l(dsqrt.o)
    0x08000c24   0x08000c24   0x00000086   Code   RO         8230    .text               mf_w.l(drem.o)
    0x08000caa   0x08000caa   0x00000030   Code   RO         8234    .text               mf_w.l(dfixul.o)
    0x08000cda   0x08000cda   0x00000002   PAD
    0x08000cdc   0x08000cdc   0x00000024   Code   RO         8236    .text               mc_w.l(init.o)
    0x08000d00   0x08000d00   0x00000360   Code   RO         8240    .text               mc_w.l(scanf_fp.o)
    0x08001060   0x08001060   0x00000040   Code   RO         8244    .text               mc_w.l(_sgetc.o)
    0x080010a0   0x080010a0   0x00000018   Code   RO         8249    .text               mf_w.l(dfltul.o)
    0x080010b8   0x080010b8   0x00000056   Code   RO         8259    .text               mc_w.l(__dczerorl2.o)
    0x0800110e   0x0800110e   0x00000004   Code   RO          286    i.BusFault_Handler  stm32f1xx_it.o
    0x08001112   0x08001112   0x0000002c   Code   RO          783    i.DMA_SetConfig     stm32f1xx_hal_dma.o
    0x0800113e   0x0800113e   0x00000002   Code   RO          287    i.DebugMon_Handler  stm32f1xx_it.o
    0x08001140   0x08001140   0x00000120   Code   RO         4589    i.GCTM              lgc.o
    0x08001260   0x08001260   0x00000038   Code   RO         1929    i.GetUart1Data      usart.o
    0x08001298   0x08001298   0x00000056   Code   RO          784    i.HAL_DMA_Abort     stm32f1xx_hal_dma.o
    0x080012ee   0x080012ee   0x00000002   PAD
    0x080012f0   0x080012f0   0x0000008c   Code   RO          790    i.HAL_DMA_Init      stm32f1xx_hal_dma.o
    0x0800137c   0x0800137c   0x0000009c   Code   RO          794    i.HAL_DMA_Start_IT  stm32f1xx_hal_dma.o
    0x08001418   0x08001418   0x00000340   Code   RO          881    i.HAL_GPIO_Init     stm32f1xx_hal_gpio.o
    0x08001758   0x08001758   0x0000000c   Code   RO          885    i.HAL_GPIO_WritePin  stm32f1xx_hal_gpio.o
    0x08001764   0x08001764   0x0000000c   Code   RO          498    i.HAL_GetTick       stm32f1xx_hal.o
    0x08001770   0x08001770   0x00000018   Code   RO          504    i.HAL_IncTick       stm32f1xx_hal.o
    0x08001788   0x08001788   0x00000028   Code   RO          505    i.HAL_Init          stm32f1xx_hal.o
    0x080017b0   0x080017b0   0x0000004c   Code   RO          506    i.HAL_InitTick      stm32f1xx_hal.o
    0x080017fc   0x080017fc   0x00000002   Code   RO          254    i.HAL_MspInit       stm32f1xx_hal_msp.o
    0x080017fe   0x080017fe   0x00000020   Code   RO          663    i.HAL_NVIC_EnableIRQ  stm32f1xx_hal_cortex.o
    0x0800181e   0x0800181e   0x0000007c   Code   RO          669    i.HAL_NVIC_SetPriority  stm32f1xx_hal_cortex.o
    0x0800189a   0x0800189a   0x00000002   PAD
    0x0800189c   0x0800189c   0x00000028   Code   RO          670    i.HAL_NVIC_SetPriorityGrouping  stm32f1xx_hal_cortex.o
    0x080018c4   0x080018c4   0x0000018c   Code   RO         1106    i.HAL_RCC_ClockConfig  stm32f1xx_hal_rcc.o
    0x08001a50   0x08001a50   0x0000000c   Code   RO         1111    i.HAL_RCC_GetHCLKFreq  stm32f1xx_hal_rcc.o
    0x08001a5c   0x08001a5c   0x00000020   Code   RO         1113    i.HAL_RCC_GetPCLK1Freq  stm32f1xx_hal_rcc.o
    0x08001a7c   0x08001a7c   0x00000020   Code   RO         1114    i.HAL_RCC_GetPCLK2Freq  stm32f1xx_hal_rcc.o
    0x08001a9c   0x08001a9c   0x00000094   Code   RO         1115    i.HAL_RCC_GetSysClockFreq  stm32f1xx_hal_rcc.o
    0x08001b30   0x08001b30   0x00000464   Code   RO         1118    i.HAL_RCC_OscConfig  stm32f1xx_hal_rcc.o
    0x08001f94   0x08001f94   0x00000028   Code   RO          672    i.HAL_SYSTICK_CLKSourceConfig  stm32f1xx_hal_cortex.o
    0x08001fbc   0x08001fbc   0x00000034   Code   RO          674    i.HAL_SYSTICK_Config  stm32f1xx_hal_cortex.o
    0x08001ff0   0x08001ff0   0x00000066   Code   RO         1267    i.HAL_UART_DMAStop  stm32f1xx_hal_uart.o
    0x08002056   0x08002056   0x00000002   Code   RO         1269    i.HAL_UART_ErrorCallback  stm32f1xx_hal_uart.o
    0x08002058   0x08002058   0x00000072   Code   RO         1273    i.HAL_UART_Init     stm32f1xx_hal_uart.o
    0x080020ca   0x080020ca   0x00000002   PAD
    0x080020cc   0x080020cc   0x0000010c   Code   RO         1930    i.HAL_UART_MspInit  usart.o
    0x080021d8   0x080021d8   0x000000c4   Code   RO         1277    i.HAL_UART_Receive_DMA  stm32f1xx_hal_uart.o
    0x0800229c   0x0800229c   0x00000002   Code   RO         1279    i.HAL_UART_RxCpltCallback  stm32f1xx_hal_uart.o
    0x0800229e   0x0800229e   0x00000002   Code   RO         1280    i.HAL_UART_RxHalfCpltCallback  stm32f1xx_hal_uart.o
    0x080022a0   0x080022a0   0x00000004   Code   RO          288    i.HardFault_Handler  stm32f1xx_it.o
    0x080022a4   0x080022a4   0x00000014   Code   RO         2079    i.LED0_Switch       led.o
    0x080022b8   0x080022b8   0x00000014   Code   RO         2080    i.LED1_Switch       led.o
    0x080022cc   0x080022cc   0x00000080   Code   RO         2081    i.LED_Init          led.o
    0x0800234c   0x0800234c   0x00000084   Code   RO         7354    i.LEintfloat        lvm.o
    0x080023d0   0x080023d0   0x0000008a   Code   RO         7355    i.LEnum             lvm.o
    0x0800245a   0x0800245a   0x00000002   PAD
    0x0800245c   0x0800245c   0x00000088   Code   RO         7356    i.LTintfloat        lvm.o
    0x080024e4   0x080024e4   0x0000008c   Code   RO         7357    i.LTnum             lvm.o
    0x08002570   0x08002570   0x0000002c   Code   RO         7187    i.LoadBlock         lundump.o
    0x0800259c   0x0800259c   0x00000014   Code   RO         7188    i.LoadByte          lundump.o
    0x080025b0   0x080025b0   0x0000003c   Code   RO         7189    i.LoadCode          lundump.o
    0x080025ec   0x080025ec   0x000000f4   Code   RO         7190    i.LoadConstants     lundump.o
    0x080026e0   0x080026e0   0x000000e4   Code   RO         7191    i.LoadDebug         lundump.o
    0x080027c4   0x080027c4   0x00000068   Code   RO         7192    i.LoadFunction      lundump.o
    0x0800282c   0x0800282c   0x00000012   Code   RO         7193    i.LoadInt           lundump.o
    0x0800283e   0x0800283e   0x00000014   Code   RO         7194    i.LoadInteger       lundump.o
    0x08002852   0x08002852   0x00000014   Code   RO         7195    i.LoadNumber        lundump.o
    0x08002866   0x08002866   0x0000006c   Code   RO         7196    i.LoadProtos        lundump.o
    0x080028d2   0x080028d2   0x00000062   Code   RO         7197    i.LoadString        lundump.o
    0x08002934   0x08002934   0x0000006e   Code   RO         7198    i.LoadUpvalues      lundump.o
    0x080029a2   0x080029a2   0x00000002   PAD
    0x080029a4   0x080029a4   0x00000040   Code   RO         1996    i.LuaDelay          lua_operation.o
    0x080029e4   0x080029e4   0x00000044   Code   RO         1997    i.LuaLed0Switch     lua_operation.o
    0x08002a28   0x08002a28   0x00000044   Code   RO         1998    i.LuaLed1Switch     lua_operation.o
    0x08002a6c   0x08002a6c   0x00000040   Code   RO         1999    i.LuaRun            lua_operation.o
    0x08002aac   0x08002aac   0x00000004   Code   RO          289    i.MemManage_Handler  stm32f1xx_it.o
    0x08002ab0   0x08002ab0   0x00000002   Code   RO          290    i.NMI_Handler       stm32f1xx_it.o
    0x08002ab2   0x08002ab2   0x00000002   Code   RO          291    i.PendSV_Handler    stm32f1xx_it.o
    0x08002ab4   0x08002ab4   0x00000028   Code   RO         1119    i.RCC_Delay         stm32f1xx_hal_rcc.o
    0x08002adc   0x08002adc   0x00000002   Code   RO          292    i.SVC_Handler       stm32f1xx_it.o
    0x08002ade   0x08002ade   0x00000056   Code   RO         1886    i.Stm32_Clock_Init  sys.o
    0x08002b34   0x08002b34   0x00000008   Code   RO          293    i.SysTick_Handler   stm32f1xx_it.o
    0x08002b3c   0x08002b3c   0x00000058   Code   RO          362    i.SystemInit        system_stm32f1xx.o
    0x08002b94   0x08002b94   0x00000050   Code   RO         1287    i.UART_DMAError     stm32f1xx_hal_uart.o
    0x08002be4   0x08002be4   0x00000046   Code   RO         1288    i.UART_DMAReceiveCplt  stm32f1xx_hal_uart.o
    0x08002c2a   0x08002c2a   0x0000000e   Code   RO         1290    i.UART_DMARxHalfCplt  stm32f1xx_hal_uart.o
    0x08002c38   0x08002c38   0x00000020   Code   RO         1296    i.UART_EndRxTransfer  stm32f1xx_hal_uart.o
    0x08002c58   0x08002c58   0x00000014   Code   RO         1298    i.UART_EndTxTransfer  stm32f1xx_hal_uart.o
    0x08002c6c   0x08002c6c   0x000001a0   Code   RO         1300    i.UART_SetConfig    stm32f1xx_hal_uart.o
    0x08002e0c   0x08002e0c   0x00000060   Code   RO         1931    i.USART1_IRQHandler  usart.o
    0x08002e6c   0x08002e6c   0x00000004   Code   RO          294    i.UsageFault_Handler  stm32f1xx_it.o
    0x08002e70   0x08002e70   0x0000001c   Code   RO         8050    i.__0fprintf        mc_w.l(printfa.o)
    0x08002e8c   0x08002e8c   0x00000020   Code   RO         8051    i.__0printf         mc_w.l(printfa.o)
    0x08002eac   0x08002eac   0x00000030   Code   RO         8052    i.__0snprintf       mc_w.l(printfa.o)
    0x08002edc   0x08002edc   0x00000028   Code   RO         8167    i.__ARM_fpclassify  m_ws.l(fpclassify.o)
    0x08002f04   0x08002f04   0x00000010   Code   RO          676    i.__NVIC_GetPriorityGrouping  stm32f1xx_hal_cortex.o
    0x08002f14   0x08002f14   0x00000028   Code   RO          677    i.__NVIC_SetPriority  stm32f1xx_hal_cortex.o
    0x08002f3c   0x08002f3c   0x00000008   Code   RO         8107    i.__aeabi_errno_addr  mc_w.l(errno.o)
    0x08002f44   0x08002f44   0x0000005c   Code   RO         8083    i.__free$realloc    mc_w.l(mallocr.o)
    0x08002fa0   0x08002fa0   0x000000aa   Code   RO         8169    i.__kernel_poly     m_ws.l(poly.o)
    0x0800304a   0x0800304a   0x00000002   PAD
    0x0800304c   0x0800304c   0x00000050   Code   RO         8084    i.__malloc$realloc  mc_w.l(mallocr.o)
    0x0800309c   0x0800309c   0x00000010   Code   RO         8153    i.__mathlib_dbl_divzero  m_ws.l(dunder.o)
    0x080030ac   0x080030ac   0x00000004   Code   RO         8155    i.__mathlib_dbl_infnan2  m_ws.l(dunder.o)
    0x080030b0   0x080030b0   0x0000000c   Code   RO         8156    i.__mathlib_dbl_invalid  m_ws.l(dunder.o)
    0x080030bc   0x080030bc   0x0000000e   Code   RO         8157    i.__mathlib_dbl_overflow  m_ws.l(dunder.o)
    0x080030ca   0x080030ca   0x00000002   PAD
    0x080030cc   0x080030cc   0x00000010   Code   RO         8159    i.__mathlib_dbl_underflow  m_ws.l(dunder.o)
    0x080030dc   0x080030dc   0x0000000e   Code   RO         8253    i.__scatterload_copy  mc_w.l(handlers.o)
    0x080030ea   0x080030ea   0x00000002   Code   RO         8254    i.__scatterload_null  mc_w.l(handlers.o)
    0x080030ec   0x080030ec   0x0000000e   Code   RO         8255    i.__scatterload_zeroinit  mc_w.l(handlers.o)
    0x080030fa   0x080030fa   0x00000002   PAD
    0x080030fc   0x080030fc   0x0000000c   Code   RO         8109    i.__set_errno       mc_w.l(errno.o)
    0x08003108   0x08003108   0x00000184   Code   RO         8058    i._fp_digits        mc_w.l(printfa.o)
    0x0800328c   0x0800328c   0x0000000e   Code   RO         8242    i._is_digit         mc_w.l(scanf_fp.o)
    0x0800329a   0x0800329a   0x00000002   PAD
    0x0800329c   0x0800329c   0x000006dc   Code   RO         8059    i._printf_core      mc_w.l(printfa.o)
    0x08003978   0x08003978   0x00000024   Code   RO         8060    i._printf_post_padding  mc_w.l(printfa.o)
    0x0800399c   0x0800399c   0x0000002e   Code   RO         8061    i._printf_pre_padding  mc_w.l(printfa.o)
    0x080039ca   0x080039ca   0x00000016   Code   RO         8062    i._snputc           mc_w.l(printfa.o)
    0x080039e0   0x080039e0   0x000000f8   Code   RO         3323    i.addk              lcode.o
    0x08003ad8   0x08003ad8   0x0000009c   Code   RO         5920    i.addprototype      lparser.o
    0x08003b74   0x08003b74   0x00000082   Code   RO         5921    i.adjust_assign     lparser.o
    0x08003bf6   0x08003bf6   0x00000066   Code   RO         4222    i.adjust_varargs    ldo.o
    0x08003c5c   0x08003c5c   0x0000002c   Code   RO         5922    i.adjustlocalvars   lparser.o
    0x08003c88   0x08003c88   0x0000002c   Code   RO         6858    i.arrayindex        ltable.o
    0x08003cb4   0x08003cb4   0x000000dc   Code   RO         5923    i.assignment        lparser.o
    0x08003d90   0x08003d90   0x000000ee   Code   RO         4590    i.atomic            lgc.o
    0x08003e7e   0x08003e7e   0x00000002   PAD
    0x08003e80   0x08003e80   0x00000094   Code   RO         2166    i.aux_upvalue       lapi.o
    0x08003f14   0x08003f14   0x000000e0   Code   RO         3991    i.auxgetinfo        ldebug.o
    0x08003ff4   0x08003ff4   0x0000007c   Code   RO         2167    i.auxgetstr         lapi.o
    0x08004070   0x08004070   0x00000014   Code   RO         6859    i.auxsetnode        ltable.o
    0x08004084   0x08004084   0x000000b2   Code   RO         2168    i.auxsetstr         lapi.o
    0x08004136   0x08004136   0x00000002   PAD
    0x08004138   0x08004138   0x000000d0   Code   RO         3126    i.b_str2int         lbaselib.o
    0x08004208   0x08004208   0x0000001e   Code   RO         5924    i.block             lparser.o
    0x08004226   0x08004226   0x00000038   Code   RO         5925    i.block_follow      lparser.o
    0x0800425e   0x0800425e   0x00000002   PAD
    0x08004260   0x08004260   0x00000080   Code   RO         5926    i.body              lparser.o
    0x080042e0   0x080042e0   0x0000001c   Code   RO         3324    i.boolK             lcode.o
    0x080042fc   0x080042fc   0x00000040   Code   RO         5927    i.breaklabel        lparser.o
    0x0800433c   0x0800433c   0x00000018   Code   RO         4591    i.callallpendingfinalizers  lgc.o
    0x08004354   0x08004354   0x00000048   Code   RO         4223    i.callhook          ldo.o
    0x0800439c   0x0800439c   0x00000016   Code   RO         5928    i.check             lparser.o
    0x080043b2   0x080043b2   0x00000002   PAD
    0x080043b4   0x080043b4   0x00000170   Code   RO         7199    i.checkHeader       lundump.o
    0x08004524   0x08004524   0x00000040   Code   RO         4592    i.checkSizes        lgc.o
    0x08004564   0x08004564   0x00000088   Code   RO         5929    i.check_conflict    lparser.o
    0x080045ec   0x080045ec   0x00000080   Code   RO         5930    i.check_match       lparser.o
    0x0800466c   0x0800466c   0x00000036   Code   RO         5162    i.check_next1       llex.o
    0x080046a2   0x080046a2   0x00000048   Code   RO         5163    i.check_next2       llex.o
    0x080046ea   0x080046ea   0x0000001e   Code   RO         5931    i.checklimit        lparser.o
    0x08004708   0x08004708   0x00000030   Code   RO         7200    i.checkliteral      lundump.o
    0x08004738   0x08004738   0x00000058   Code   RO         4224    i.checkmode         ldo.o
    0x08004790   0x08004790   0x0000001a   Code   RO         5932    i.checkname         lparser.o
    0x080047aa   0x080047aa   0x00000016   Code   RO         5933    i.checknext         lparser.o
    0x080047c0   0x080047c0   0x00000074   Code   RO         5934    i.checkrepeated     lparser.o
    0x08004834   0x08004834   0x0000004c   Code   RO         4593    i.clearkeys         lgc.o
    0x08004880   0x08004880   0x00000068   Code   RO         4594    i.clearvalues       lgc.o
    0x080048e8   0x080048e8   0x00000118   Code   RO         5935    i.close_func        lparser.o
    0x08004a00   0x08004a00   0x00000044   Code   RO         6369    i.close_state       lstate.o
    0x08004a44   0x08004a44   0x000000c4   Code   RO         5936    i.closegoto         lparser.o
    0x08004b08   0x08004b08   0x00000034   Code   RO         5937    i.closelistfield    lparser.o
    0x08004b3c   0x08004b3c   0x00000020   Code   RO         3325    i.code_loadbool     lcode.o
    0x08004b5c   0x08004b5c   0x00000050   Code   RO         3326    i.codebinexpval     lcode.o
    0x08004bac   0x08004bac   0x00000032   Code   RO         5938    i.codeclosure       lparser.o
    0x08004bde   0x08004bde   0x00000094   Code   RO         3327    i.codecomp          lcode.o
    0x08004c72   0x08004c72   0x00000014   Code   RO         3328    i.codeextraarg      lcode.o
    0x08004c86   0x08004c86   0x0000008c   Code   RO         3329    i.codenot           lcode.o
    0x08004d12   0x08004d12   0x00000022   Code   RO         5939    i.codestring        lparser.o
    0x08004d34   0x08004d34   0x00000040   Code   RO         3330    i.codeunexpval      lcode.o
    0x08004d74   0x08004d74   0x00000072   Code   RO         3992    i.collectvalidlines  ldebug.o
    0x08004de6   0x08004de6   0x0000003a   Code   RO         6860    i.computesizes      ltable.o
    0x08004e20   0x08004e20   0x0000002a   Code   RO         5940    i.cond              lparser.o
    0x08004e4a   0x08004e4a   0x0000002a   Code   RO         3331    i.condjump          lcode.o
    0x08004e74   0x08004e74   0x0000008e   Code   RO         3332    i.constfolding      lcode.o
    0x08004f02   0x08004f02   0x000000d2   Code   RO         5941    i.constructor       lparser.o
    0x08004fd4   0x08004fd4   0x00000032   Code   RO         4595    i.convergeephemerons  lgc.o
    0x08005006   0x08005006   0x00000050   Code   RO         7358    i.copy2buff         lvm.o
    0x08005056   0x08005056   0x0000006a   Code   RO         4225    i.correctstack      ldo.o
    0x080050c0   0x080050c0   0x0000002c   Code   RO         6861    i.countint          ltable.o
    0x080050ec   0x080050ec   0x00000034   Code   RO         6461    i.createstrobj      lstring.o
    0x08005120   0x08005120   0x00000028   Code   RO         3993    i.currentline       ldebug.o
    0x08005148   0x08005148   0x00000016   Code   RO         3994    i.currentpc         ldebug.o
    0x0800515e   0x0800515e   0x00000002   PAD
    0x08005160   0x08005160   0x00000014   Code   RO         1845    i.delay_init        delay.o
    0x08005174   0x08005174   0x00000018   Code   RO         1846    i.delay_ms          delay.o
    0x0800518c   0x0800518c   0x00000048   Code   RO         1847    i.delay_us          delay.o
    0x080051d4   0x080051d4   0x00000024   Code   RO         3333    i.discharge2anyreg  lcode.o
    0x080051f8   0x080051f8   0x000000d2   Code   RO         3334    i.discharge2reg     lcode.o
    0x080052ca   0x080052ca   0x0000001c   Code   RO         3335    i.dischargejpc      lcode.o
    0x080052e6   0x080052e6   0x00000002   PAD
    0x080052e8   0x080052e8   0x00000030   Code   RO         2000    i.do_file_script    lua_operation.o
    0x08005318   0x08005318   0x00000012   Code   RO         3127    i.dofilecont        lbaselib.o
    0x0800532a   0x0800532a   0x00000016   Code   RO         4596    i.dothecall         lgc.o
    0x08005340   0x08005340   0x00000024   Code   RO         5942    i.enterblock        lparser.o
    0x08005364   0x08005364   0x0000002c   Code   RO         5943    i.enterlevel        lparser.o
    0x08005390   0x08005390   0x0000001c   Code   RO         4597    i.entersweep        lgc.o
    0x080053ac   0x080053ac   0x00000068   Code   RO         2743    i.errfile           lauxlib.o
    0x08005414   0x08005414   0x00000038   Code   RO         7201    i.error             lundump.o
    0x0800544c   0x0800544c   0x00000038   Code   RO         5944    i.error_expected    lparser.o
    0x08005484   0x08005484   0x00000088   Code   RO         5945    i.errorlimit        lparser.o
    0x0800550c   0x0800550c   0x00000048   Code   RO         5164    i.esccheck          llex.o
    0x08005554   0x08005554   0x0000001e   Code   RO         5946    i.exp1              lparser.o
    0x08005572   0x08005572   0x000000bc   Code   RO         3336    i.exp2reg           lcode.o
    0x0800562e   0x0800562e   0x00000034   Code   RO         5947    i.explist           lparser.o
    0x08005662   0x08005662   0x00000012   Code   RO         5948    i.expr              lparser.o
    0x08005674   0x08005674   0x00000070   Code   RO         5949    i.exprstat          lparser.o
    0x080056e4   0x080056e4   0x00000014   Code   RO         2169    i.f_call            lapi.o
    0x080056f8   0x080056f8   0x0000003c   Code   RO         6370    i.f_luaopen         lstate.o
    0x08005734   0x08005734   0x00000090   Code   RO         4226    i.f_parser          ldo.o
    0x080057c4   0x080057c4   0x00000040   Code   RO         7202    i.fchecksize        lundump.o
    0x08005804   0x08005804   0x00000024   Code   RO         1933    i.fgetc             usart.o
    0x08005828   0x08005828   0x00000048   Code   RO         5950    i.field             lparser.o
    0x08005870   0x08005870   0x0000002e   Code   RO         5951    i.fieldsel          lparser.o
    0x0800589e   0x0800589e   0x00000010   Code   RO         3995    i.filterpc          ldebug.o
    0x080058ae   0x080058ae   0x00000002   PAD
    0x080058b0   0x080058b0   0x000000ac   Code   RO         2744    i.findfield         lauxlib.o
    0x0800595c   0x0800595c   0x0000003c   Code   RO         5952    i.findgotos         lparser.o
    0x08005998   0x08005998   0x00000098   Code   RO         6862    i.findindex         ltable.o
    0x08005a30   0x08005a30   0x0000006e   Code   RO         5953    i.findlabel         lparser.o
    0x08005a9e   0x08005a9e   0x0000000c   Code   RO         4598    i.findlast          lgc.o
    0x08005aaa   0x08005aaa   0x00000002   PAD
    0x08005aac   0x08005aac   0x000000e8   Code   RO         3997    i.findsetreg        ldebug.o
    0x08005b94   0x08005b94   0x0000002e   Code   RO         3128    i.finishpcall       lbaselib.o
    0x08005bc2   0x08005bc2   0x00000002   PAD
    0x08005bc4   0x08005bc4   0x00000060   Code   RO         3337    i.fixjump           lcode.o
    0x08005c24   0x08005c24   0x000000dc   Code   RO         7595    i.floor             m_ws.l(floor.o)
    0x08005d00   0x08005d00   0x00000094   Code   RO         7599    i.fmod              m_ws.l(fmod.o)
    0x08005d94   0x08005d94   0x000000cc   Code   RO         5954    i.forbody           lparser.o
    0x08005e60   0x08005e60   0x000000a2   Code   RO         7359    i.forlimit          lvm.o
    0x08005f02   0x08005f02   0x00000002   PAD
    0x08005f04   0x08005f04   0x000000c4   Code   RO         5955    i.forlist           lparser.o
    0x08005fc8   0x08005fc8   0x000000bc   Code   RO         5956    i.fornum            lparser.o
    0x08006084   0x08006084   0x00000088   Code   RO         5957    i.forstat           lparser.o
    0x0800610c   0x0800610c   0x0000001c   Code   RO         1934    i.fputc             usart.o
    0x08006128   0x08006128   0x00000034   Code   RO         7683    i.fread             mc_w.l(fread.o)
    0x0800615c   0x0800615c   0x0000003e   Code   RO         4599    i.freeLclosure      lgc.o
    0x0800619a   0x0800619a   0x00000016   Code   RO         3338    i.freeexp           lcode.o
    0x080061b0   0x080061b0   0x00000054   Code   RO         3339    i.freeexps          lcode.o
    0x08006204   0x08006204   0x000000b0   Code   RO         4600    i.freeobj           lgc.o
    0x080062b4   0x080062b4   0x0000001c   Code   RO         3340    i.freereg           lcode.o
    0x080062d0   0x080062d0   0x00000028   Code   RO         6371    i.freestack         lstate.o
    0x080062f8   0x080062f8   0x00000058   Code   RO         7607    i.frexp             m_ws.l(frexp.o)
    0x08006350   0x08006350   0x00000100   Code   RO         5958    i.funcargs          lparser.o
    0x08006450   0x08006450   0x00000070   Code   RO         3999    i.funcinfo          ldebug.o
    0x080064c0   0x080064c0   0x00000034   Code   RO         5959    i.funcname          lparser.o
    0x080064f4   0x080064f4   0x00000128   Code   RO         4000    i.funcnamefromcode  ldebug.o
    0x0800661c   0x0800661c   0x0000003a   Code   RO         5960    i.funcstat          lparser.o
    0x08006656   0x08006656   0x00000024   Code   RO         7679    i.fwrite            mc_w.l(fwrite.o)
    0x0800667a   0x0800667a   0x00000002   PAD
    0x0800667c   0x0800667c   0x000000c0   Code   RO         3129    i.generic_reader    lbaselib.o
    0x0800673c   0x0800673c   0x00000042   Code   RO         2745    i.getF              lauxlib.o
    0x0800677e   0x0800677e   0x0000001c   Code   RO         2746    i.getS              lauxlib.o
    0x0800679a   0x0800679a   0x000000d2   Code   RO         5961    i.getbinopr         lparser.o
    0x0800686c   0x0800686c   0x00000004   Code   RO         7685    i.getc              mc_w.l(getc.o)
    0x08006870   0x08006870   0x00000054   Code   RO         7360    i.getcached         lvm.o
    0x080068c4   0x080068c4   0x00000032   Code   RO         4601    i.getdebt           lgc.o
    0x080068f6   0x080068f6   0x00000024   Code   RO         6863    i.getfreepos        ltable.o
    0x0800691a   0x0800691a   0x00000002   PAD
    0x0800691c   0x0800691c   0x00000058   Code   RO         4001    i.getfuncname       ldebug.o
    0x08006974   0x08006974   0x00000038   Code   RO         6864    i.getgeneric        ltable.o
    0x080069ac   0x080069ac   0x0000006c   Code   RO         5165    i.gethexa           llex.o
    0x08006a18   0x08006a18   0x0000002c   Code   RO         3341    i.getjump           lcode.o
    0x08006a44   0x08006a44   0x00000030   Code   RO         3342    i.getjumpcontrol    lcode.o
    0x08006a74   0x08006a74   0x00000020   Code   RO         5962    i.getlocvar         lparser.o
    0x08006a94   0x08006a94   0x00000188   Code   RO         4002    i.getobjname        ldebug.o
    0x08006c1c   0x08006c1c   0x00000028   Code   RO         5963    i.getunopr          lparser.o
    0x08006c44   0x08006c44   0x00000048   Code   RO         4003    i.getupvalname      ldebug.o
    0x08006c8c   0x08006c8c   0x00000058   Code   RO         5964    i.gotostat          lparser.o
    0x08006ce4   0x08006ce4   0x00000012   Code   RO         2171    i.growstack         lapi.o
    0x08006cf6   0x08006cf6   0x00000052   Code   RO         5965    i.ifstat            lparser.o
    0x08006d48   0x08006d48   0x00000094   Code   RO         5166    i.inclinenumber     llex.o
    0x08006ddc   0x08006ddc   0x0000006c   Code   RO         2172    i.index2addr        lapi.o
    0x08006e48   0x08006e48   0x0000000e   Code   RO         5966    i.init_exp          lparser.o
    0x08006e56   0x08006e56   0x00000068   Code   RO         6372    i.init_registry     lstate.o
    0x08006ebe   0x08006ebe   0x000000c2   Code   RO         5654    i.intarith          lobject.o
    0x08006f80   0x08006f80   0x00000050   Code   RO         8085    i.internal_alloc    mc_w.l(mallocr.o)
    0x08006fd0   0x08006fd0   0x000000bc   Code   RO         6462    i.internshrstr      lstring.o
    0x0800708c   0x0800708c   0x00000050   Code   RO         2747    i.interror          lauxlib.o
    0x080070dc   0x080070dc   0x00000032   Code   RO         3130    i.ipairsaux         lbaselib.o
    0x0800710e   0x0800710e   0x0000003c   Code   RO         4602    i.iscleared         lgc.o
    0x0800714a   0x0800714a   0x0000002c   Code   RO         4004    i.isinstack         ldebug.o
    0x08007176   0x08007176   0x00000026   Code   RO         5655    i.isneg             lobject.o
    0x0800719c   0x0800719c   0x00000066   Code   RO         3343    i.jumponcond        lcode.o
    0x08007202   0x08007202   0x00000002   PAD
    0x08007204   0x08007204   0x00000058   Code   RO         4005    i.kname             ldebug.o
    0x0800725c   0x0800725c   0x00000024   Code   RO         2748    i.l_alloc           lauxlib.o
    0x08007280   0x08007280   0x00000070   Code   RO         6865    i.l_hashfloat       ltable.o
    0x080072f0   0x080072f0   0x00000094   Code   RO         5656    i.l_str2d           lobject.o
    0x08007384   0x08007384   0x00000058   Code   RO         5657    i.l_str2dloc        lobject.o
    0x080073dc   0x080073dc   0x0000014c   Code   RO         5658    i.l_str2int         lobject.o
    0x08007528   0x08007528   0x00000076   Code   RO         7361    i.l_strcmp          lvm.o
    0x0800759e   0x0800759e   0x0000006e   Code   RO         5967    i.labelstat         lparser.o
    0x0800760c   0x0800760c   0x0000005a   Code   RO         5968    i.lastlistfield     lparser.o
    0x08007666   0x08007666   0x0000007e   Code   RO         5969    i.leaveblock        lparser.o
    0x080076e4   0x080076e4   0x00000048   Code   RO         5167    i.lexerror          llex.o
    0x0800772c   0x0800772c   0x00000044   Code   RO         5970    i.listfield         lparser.o
    0x08007770   0x08007770   0x0000048c   Code   RO         5168    i.llex              llex.o
    0x08007bfc   0x08007bfc   0x00000042   Code   RO         3131    i.load_aux          lbaselib.o
    0x08007c3e   0x08007c3e   0x0000003c   Code   RO         5971    i.localfunc         lparser.o
    0x08007c7a   0x08007c7a   0x0000005e   Code   RO         5972    i.localstat         lparser.o
    0x08007cd8   0x08007cd8   0x00000060   Code   RO         3132    i.luaB_assert       lbaselib.o
    0x08007d38   0x08007d38   0x000000c0   Code   RO         3133    i.luaB_collectgarbage  lbaselib.o
    0x08007df8   0x08007df8   0x00000050   Code   RO         3134    i.luaB_dofile       lbaselib.o
    0x08007e48   0x08007e48   0x0000004a   Code   RO         3135    i.luaB_error        lbaselib.o
    0x08007e92   0x08007e92   0x00000002   PAD
    0x08007e94   0x08007e94   0x0000003c   Code   RO         3136    i.luaB_getmetatable  lbaselib.o
    0x08007ed0   0x08007ed0   0x00000030   Code   RO         3137    i.luaB_ipairs       lbaselib.o
    0x08007f00   0x08007f00   0x000000a8   Code   RO         3138    i.luaB_load         lbaselib.o
    0x08007fa8   0x08007fa8   0x00000050   Code   RO         3139    i.luaB_loadfile     lbaselib.o
    0x08007ff8   0x08007ff8   0x0000002e   Code   RO         3140    i.luaB_next         lbaselib.o
    0x08008026   0x08008026   0x00000002   PAD
    0x08008028   0x08008028   0x00000020   Code   RO         3141    i.luaB_pairs        lbaselib.o
    0x08008048   0x08008048   0x0000004c   Code   RO         3142    i.luaB_pcall        lbaselib.o
    0x08008094   0x08008094   0x000000e0   Code   RO         3143    i.luaB_print        lbaselib.o
    0x08008174   0x08008174   0x0000002c   Code   RO         3144    i.luaB_rawequal     lbaselib.o
    0x080081a0   0x080081a0   0x0000002a   Code   RO         3145    i.luaB_rawget       lbaselib.o
    0x080081ca   0x080081ca   0x00000002   PAD
    0x080081cc   0x080081cc   0x00000058   Code   RO         3146    i.luaB_rawlen       lbaselib.o
    0x08008224   0x08008224   0x00000032   Code   RO         3147    i.luaB_rawset       lbaselib.o
    0x08008256   0x08008256   0x00000002   PAD
    0x08008258   0x08008258   0x00000094   Code   RO         3148    i.luaB_select       lbaselib.o
    0x080082ec   0x080082ec   0x0000009c   Code   RO         3149    i.luaB_setmetatable  lbaselib.o
    0x08008388   0x08008388   0x000000d8   Code   RO         3150    i.luaB_tonumber     lbaselib.o
    0x08008460   0x08008460   0x0000001a   Code   RO         3151    i.luaB_tostring     lbaselib.o
    0x0800847a   0x0800847a   0x00000002   PAD
    0x0800847c   0x0800847c   0x00000044   Code   RO         3152    i.luaB_type         lbaselib.o
    0x080084c0   0x080084c0   0x00000058   Code   RO         3153    i.luaB_xpcall       lbaselib.o
    0x08008518   0x08008518   0x00000034   Code   RO         4603    i.luaC_barrier_     lgc.o
    0x0800854c   0x0800854c   0x00000012   Code   RO         4604    i.luaC_barrierback_  lgc.o
    0x0800855e   0x0800855e   0x00000092   Code   RO         4605    i.luaC_checkfinalizer  lgc.o
    0x080085f0   0x080085f0   0x00000018   Code   RO         4606    i.luaC_fix          lgc.o
    0x08008608   0x08008608   0x0000004a   Code   RO         4607    i.luaC_freeallobjects  lgc.o
    0x08008652   0x08008652   0x0000004e   Code   RO         4608    i.luaC_fullgc       lgc.o
    0x080086a0   0x080086a0   0x00000034   Code   RO         4609    i.luaC_newobj       lgc.o
    0x080086d4   0x080086d4   0x00000020   Code   RO         4610    i.luaC_runtilstate  lgc.o
    0x080086f4   0x080086f4   0x00000070   Code   RO         4611    i.luaC_step         lgc.o
    0x08008764   0x08008764   0x0000002a   Code   RO         4612    i.luaC_upvalbarrier_  lgc.o
    0x0800878e   0x0800878e   0x00000028   Code   RO         4613    i.luaC_upvdeccount  lgc.o
    0x080087b6   0x080087b6   0x0000003c   Code   RO         4229    i.luaD_call         ldo.o
    0x080087f2   0x080087f2   0x00000028   Code   RO         4230    i.luaD_callnoyield  ldo.o
    0x0800881a   0x0800881a   0x00000002   PAD
    0x0800881c   0x0800881c   0x00000074   Code   RO         4231    i.luaD_growstack    ldo.o
    0x08008890   0x08008890   0x0000008a   Code   RO         4232    i.luaD_hook         ldo.o
    0x0800891a   0x0800891a   0x00000024   Code   RO         4233    i.luaD_inctop       ldo.o
    0x0800893e   0x0800893e   0x0000006c   Code   RO         4234    i.luaD_pcall        ldo.o
    0x080089aa   0x080089aa   0x0000005e   Code   RO         4235    i.luaD_poscall      ldo.o
    0x08008a08   0x08008a08   0x000001c8   Code   RO         4236    i.luaD_precall      ldo.o
    0x08008bd0   0x08008bd0   0x0000009c   Code   RO         4237    i.luaD_protectedparser  ldo.o
    0x08008c6c   0x08008c6c   0x00000036   Code   RO         4238    i.luaD_rawrunprotected  ldo.o
    0x08008ca2   0x08008ca2   0x00000058   Code   RO         4239    i.luaD_reallocstack  ldo.o
    0x08008cfa   0x08008cfa   0x00000002   PAD
    0x08008cfc   0x08008cfc   0x0000005c   Code   RO         4240    i.luaD_shrinkstack  ldo.o
    0x08008d58   0x08008d58   0x0000007e   Code   RO         4241    i.luaD_throw        ldo.o
    0x08008dd6   0x08008dd6   0x00000028   Code   RO         6373    i.luaE_extendCI     lstate.o
    0x08008dfe   0x08008dfe   0x00000028   Code   RO         6374    i.luaE_freeCI       lstate.o
    0x08008e26   0x08008e26   0x00000024   Code   RO         6375    i.luaE_freethread   lstate.o
    0x08008e4a   0x08008e4a   0x00000020   Code   RO         6376    i.luaE_setdebt      lstate.o
    0x08008e6a   0x08008e6a   0x0000002e   Code   RO         6377    i.luaE_shrinkCI     lstate.o
    0x08008e98   0x08008e98   0x0000005e   Code   RO         4535    i.luaF_close        lfunc.o
    0x08008ef6   0x08008ef6   0x00000062   Code   RO         4536    i.luaF_findupval    lfunc.o
    0x08008f58   0x08008f58   0x0000006c   Code   RO         4537    i.luaF_freeproto    lfunc.o
    0x08008fc4   0x08008fc4   0x00000048   Code   RO         4538    i.luaF_getlocalname  lfunc.o
    0x0800900c   0x0800900c   0x0000003e   Code   RO         4539    i.luaF_initupvals   lfunc.o
    0x0800904a   0x0800904a   0x00000024   Code   RO         4540    i.luaF_newCclosure  lfunc.o
    0x0800906e   0x0800906e   0x0000003c   Code   RO         4541    i.luaF_newLclosure  lfunc.o
    0x080090aa   0x080090aa   0x0000003e   Code   RO         4542    i.luaF_newproto     lfunc.o
    0x080090e8   0x080090e8   0x00000048   Code   RO         4006    i.luaG_addinfo      ldebug.o
    0x08009130   0x08009130   0x00000038   Code   RO         4007    i.luaG_concaterror  ldebug.o
    0x08009168   0x08009168   0x00000050   Code   RO         4008    i.luaG_errormsg     ldebug.o
    0x080091b8   0x080091b8   0x00000038   Code   RO         4009    i.luaG_opinterror   ldebug.o
    0x080091f0   0x080091f0   0x00000088   Code   RO         4010    i.luaG_ordererror   ldebug.o
    0x08009278   0x08009278   0x0000005c   Code   RO         4011    i.luaG_runerror     ldebug.o
    0x080092d4   0x080092d4   0x0000006c   Code   RO         4012    i.luaG_tointerror   ldebug.o
    0x08009340   0x08009340   0x000000f4   Code   RO         4013    i.luaG_traceexec    ldebug.o
    0x08009434   0x08009434   0x0000004c   Code   RO         4014    i.luaG_typeerror    ldebug.o
    0x08009480   0x08009480   0x00000038   Code   RO         6866    i.luaH_free         ltable.o
    0x080094b8   0x080094b8   0x00000064   Code   RO         6867    i.luaH_get          ltable.o
    0x0800951c   0x0800951c   0x0000005c   Code   RO         6868    i.luaH_getint       ltable.o
    0x08009578   0x08009578   0x00000050   Code   RO         6869    i.luaH_getn         ltable.o
    0x080095c8   0x080095c8   0x00000044   Code   RO         6870    i.luaH_getshortstr  ltable.o
    0x0800960c   0x0800960c   0x00000030   Code   RO         6871    i.luaH_getstr       ltable.o
    0x0800963c   0x0800963c   0x0000002e   Code   RO         6872    i.luaH_new          ltable.o
    0x0800966a   0x0800966a   0x00000002   PAD
    0x0800966c   0x0800966c   0x0000016c   Code   RO         6873    i.luaH_newkey       ltable.o
    0x080097d8   0x080097d8   0x0000009a   Code   RO         6874    i.luaH_next         ltable.o
    0x08009872   0x08009872   0x00000002   PAD
    0x08009874   0x08009874   0x000000f4   Code   RO         6875    i.luaH_resize       ltable.o
    0x08009968   0x08009968   0x0000002a   Code   RO         6876    i.luaH_resizearray  ltable.o
    0x08009992   0x08009992   0x00000002   PAD
    0x08009994   0x08009994   0x00000030   Code   RO         6877    i.luaH_set          ltable.o
    0x080099c4   0x080099c4   0x00000050   Code   RO         6878    i.luaH_setint       ltable.o
    0x08009a14   0x08009a14   0x00000058   Code   RO         3344    i.luaK_checkstack   lcode.o
    0x08009a6c   0x08009a6c   0x00000080   Code   RO         3345    i.luaK_code         lcode.o
    0x08009aec   0x08009aec   0x00000026   Code   RO         3346    i.luaK_codeABC      lcode.o
    0x08009b12   0x08009b12   0x0000001e   Code   RO         3347    i.luaK_codeABx      lcode.o
    0x08009b30   0x08009b30   0x0000003a   Code   RO         3348    i.luaK_codek        lcode.o
    0x08009b6a   0x08009b6a   0x00000044   Code   RO         3349    i.luaK_concat       lcode.o
    0x08009bae   0x08009bae   0x00000082   Code   RO         3350    i.luaK_dischargevars  lcode.o
    0x08009c30   0x08009c30   0x0000008a   Code   RO         3351    i.luaK_exp2RK       lcode.o
    0x08009cba   0x08009cba   0x00000044   Code   RO         3352    i.luaK_exp2anyreg   lcode.o
    0x08009cfe   0x08009cfe   0x0000001e   Code   RO         3353    i.luaK_exp2anyregup  lcode.o
    0x08009d1c   0x08009d1c   0x0000002e   Code   RO         3354    i.luaK_exp2nextreg  lcode.o
    0x08009d4a   0x08009d4a   0x00000022   Code   RO         3355    i.luaK_exp2val      lcode.o
    0x08009d6c   0x08009d6c   0x0000000e   Code   RO         3356    i.luaK_fixline      lcode.o
    0x08009d7a   0x08009d7a   0x0000000a   Code   RO         3357    i.luaK_getlabel     lcode.o
    0x08009d84   0x08009d84   0x00000054   Code   RO         3358    i.luaK_goiffalse    lcode.o
    0x08009dd8   0x08009dd8   0x00000068   Code   RO         3359    i.luaK_goiftrue     lcode.o
    0x08009e40   0x08009e40   0x0000002c   Code   RO         3360    i.luaK_indexed      lcode.o
    0x08009e6c   0x08009e6c   0x0000007c   Code   RO         3361    i.luaK_infix        lcode.o
    0x08009ee8   0x08009ee8   0x0000002a   Code   RO         3362    i.luaK_intK         lcode.o
    0x08009f12   0x08009f12   0x00000002   PAD
    0x08009f14   0x08009f14   0x0000002c   Code   RO         3363    i.luaK_jump         lcode.o
    0x08009f40   0x08009f40   0x00000090   Code   RO         3364    i.luaK_nil          lcode.o
    0x08009fd0   0x08009fd0   0x00000020   Code   RO         3365    i.luaK_numberK      lcode.o
    0x08009ff0   0x08009ff0   0x00000032   Code   RO         3366    i.luaK_patchclose   lcode.o
    0x0800a022   0x0800a022   0x00000028   Code   RO         3367    i.luaK_patchlist    lcode.o
    0x0800a04a   0x0800a04a   0x0000001a   Code   RO         3368    i.luaK_patchtohere  lcode.o
    0x0800a064   0x0800a064   0x0000012e   Code   RO         3369    i.luaK_posfix       lcode.o
    0x0800a192   0x0800a192   0x00000002   PAD
    0x0800a194   0x0800a194   0x0000005c   Code   RO         3370    i.luaK_prefix       lcode.o
    0x0800a1f0   0x0800a1f0   0x0000001a   Code   RO         3371    i.luaK_reserveregs  lcode.o
    0x0800a20a   0x0800a20a   0x0000001a   Code   RO         3372    i.luaK_ret          lcode.o
    0x0800a224   0x0800a224   0x00000052   Code   RO         3373    i.luaK_self         lcode.o
    0x0800a276   0x0800a276   0x00000002   PAD
    0x0800a278   0x0800a278   0x00000084   Code   RO         3374    i.luaK_setlist      lcode.o
    0x0800a2fc   0x0800a2fc   0x00000046   Code   RO         3375    i.luaK_setoneret    lcode.o
    0x0800a342   0x0800a342   0x00000060   Code   RO         3376    i.luaK_setreturns   lcode.o
    0x0800a3a2   0x0800a3a2   0x00000086   Code   RO         3377    i.luaK_storevar     lcode.o
    0x0800a428   0x0800a428   0x00000022   Code   RO         3378    i.luaK_stringK      lcode.o
    0x0800a44a   0x0800a44a   0x00000002   PAD
    0x0800a44c   0x0800a44c   0x000000e4   Code   RO         2753    i.luaL_argerror     lauxlib.o
    0x0800a530   0x0800a530   0x0000003e   Code   RO         2756    i.luaL_callmeta     lauxlib.o
    0x0800a56e   0x0800a56e   0x00000002   PAD
    0x0800a570   0x0800a570   0x00000030   Code   RO         2757    i.luaL_checkany     lauxlib.o
    0x0800a5a0   0x0800a5a0   0x00000026   Code   RO         2758    i.luaL_checkinteger  lauxlib.o
    0x0800a5c6   0x0800a5c6   0x00000028   Code   RO         2759    i.luaL_checklstring  lauxlib.o
    0x0800a5ee   0x0800a5ee   0x00000002   PAD
    0x0800a5f0   0x0800a5f0   0x00000074   Code   RO         2761    i.luaL_checkoption  lauxlib.o
    0x0800a664   0x0800a664   0x00000050   Code   RO         2762    i.luaL_checkstack   lauxlib.o
    0x0800a6b4   0x0800a6b4   0x00000020   Code   RO         2763    i.luaL_checktype    lauxlib.o
    0x0800a6d4   0x0800a6d4   0x00000034   Code   RO         2766    i.luaL_error        lauxlib.o
    0x0800a708   0x0800a708   0x00000056   Code   RO         2769    i.luaL_getmetafield  lauxlib.o
    0x0800a75e   0x0800a75e   0x00000002   PAD
    0x0800a760   0x0800a760   0x0000002c   Code   RO         2773    i.luaL_loadbufferx  lauxlib.o
    0x0800a78c   0x0800a78c   0x00000144   Code   RO         2774    i.luaL_loadfilex    lauxlib.o
    0x0800a8d0   0x0800a8d0   0x00000020   Code   RO         2775    i.luaL_loadstring   lauxlib.o
    0x0800a8f0   0x0800a8f0   0x00000024   Code   RO         2777    i.luaL_newstate     lauxlib.o
    0x0800a914   0x0800a914   0x0000002a   Code   RO         2778    i.luaL_optinteger   lauxlib.o
    0x0800a93e   0x0800a93e   0x0000003a   Code   RO         2779    i.luaL_optlstring   lauxlib.o
    0x0800a978   0x0800a978   0x00000068   Code   RO         2786    i.luaL_setfuncs     lauxlib.o
    0x0800a9e0   0x0800a9e0   0x00000184   Code   RO         2789    i.luaL_tolstring    lauxlib.o
    0x0800ab64   0x0800ab64   0x00000050   Code   RO         2792    i.luaL_where        lauxlib.o
    0x0800abb4   0x0800abb4   0x0000008c   Code   RO         5475    i.luaM_growaux_     lmem.o
    0x0800ac40   0x0800ac40   0x00000064   Code   RO         5476    i.luaM_realloc_     lmem.o
    0x0800aca4   0x0800aca4   0x00000038   Code   RO         5477    i.luaM_toobig       lmem.o
    0x0800acdc   0x0800acdc   0x00000192   Code   RO         5659    i.luaO_arith        lobject.o
    0x0800ae6e   0x0800ae6e   0x00000002   PAD
    0x0800ae70   0x0800ae70   0x0000001c   Code   RO         5660    i.luaO_ceillog2     lobject.o
    0x0800ae8c   0x0800ae8c   0x000000f0   Code   RO         5661    i.luaO_chunkid      lobject.o
    0x0800af7c   0x0800af7c   0x0000001a   Code   RO         5662    i.luaO_fb2int       lobject.o
    0x0800af96   0x0800af96   0x00000002   PAD
    0x0800af98   0x0800af98   0x00000020   Code   RO         5663    i.luaO_hexavalue    lobject.o
    0x0800afb8   0x0800afb8   0x00000032   Code   RO         5664    i.luaO_int2fb       lobject.o
    0x0800afea   0x0800afea   0x00000022   Code   RO         5665    i.luaO_pushfstring  lobject.o
    0x0800b00c   0x0800b00c   0x0000020c   Code   RO         5666    i.luaO_pushvfstring  lobject.o
    0x0800b218   0x0800b218   0x0000004a   Code   RO         5667    i.luaO_str2num      lobject.o
    0x0800b262   0x0800b262   0x00000002   PAD
    0x0800b264   0x0800b264   0x0000009c   Code   RO         5668    i.luaO_tostring     lobject.o
    0x0800b300   0x0800b300   0x0000003e   Code   RO         5669    i.luaO_utf8esc      lobject.o
    0x0800b33e   0x0800b33e   0x0000003e   Code   RO         6463    i.luaS_clearcache   lstring.o
    0x0800b37c   0x0800b37c   0x0000001c   Code   RO         6464    i.luaS_createlngstrobj  lstring.o
    0x0800b398   0x0800b398   0x0000002a   Code   RO         6465    i.luaS_eqlngstr     lstring.o
    0x0800b3c2   0x0800b3c2   0x00000026   Code   RO         6466    i.luaS_hash         lstring.o
    0x0800b3e8   0x0800b3e8   0x0000001e   Code   RO         6467    i.luaS_hashlongstr  lstring.o
    0x0800b406   0x0800b406   0x00000002   PAD
    0x0800b408   0x0800b408   0x00000064   Code   RO         6468    i.luaS_init         lstring.o
    0x0800b46c   0x0800b46c   0x0000006a   Code   RO         6469    i.luaS_new          lstring.o
    0x0800b4d6   0x0800b4d6   0x00000042   Code   RO         6470    i.luaS_newlstr      lstring.o
    0x0800b518   0x0800b518   0x00000036   Code   RO         6472    i.luaS_remove       lstring.o
    0x0800b54e   0x0800b54e   0x000000b4   Code   RO         6473    i.luaS_resize       lstring.o
    0x0800b602   0x0800b602   0x00000094   Code   RO         7126    i.luaT_callTM       ltm.o
    0x0800b696   0x0800b696   0x0000004c   Code   RO         7127    i.luaT_callbinTM    ltm.o
    0x0800b6e2   0x0800b6e2   0x0000003c   Code   RO         7128    i.luaT_callorderTM  ltm.o
    0x0800b71e   0x0800b71e   0x0000002e   Code   RO         7129    i.luaT_gettm        ltm.o
    0x0800b74c   0x0800b74c   0x00000054   Code   RO         7130    i.luaT_gettmbyobj   ltm.o
    0x0800b7a0   0x0800b7a0   0x00000038   Code   RO         7131    i.luaT_init         ltm.o
    0x0800b7d8   0x0800b7d8   0x00000068   Code   RO         7132    i.luaT_objtypename  ltm.o
    0x0800b840   0x0800b840   0x000000ec   Code   RO         7133    i.luaT_trybinTM     ltm.o
    0x0800b92c   0x0800b92c   0x0000008c   Code   RO         7203    i.luaU_undump       lundump.o
    0x0800b9b8   0x0800b9b8   0x000001e0   Code   RO         7362    i.luaV_concat       lvm.o
    0x0800bb98   0x0800bb98   0x000000a8   Code   RO         7363    i.luaV_div          lvm.o
    0x0800bc40   0x0800bc40   0x000002aa   Code   RO         7364    i.luaV_equalobj     lvm.o
    0x0800beea   0x0800beea   0x00000002   PAD
    0x0800beec   0x0800beec   0x00001e84   Code   RO         7365    i.luaV_execute      lvm.o
    0x0800dd70   0x0800dd70   0x00000108   Code   RO         7367    i.luaV_finishget    lvm.o
    0x0800de78   0x0800de78   0x00000174   Code   RO         7368    i.luaV_finishset    lvm.o
    0x0800dfec   0x0800dfec   0x000000a4   Code   RO         7369    i.luaV_lessequal    lvm.o
    0x0800e090   0x0800e090   0x00000068   Code   RO         7370    i.luaV_lessthan     lvm.o
    0x0800e0f8   0x0800e0f8   0x0000008c   Code   RO         7371    i.luaV_mod          lvm.o
    0x0800e184   0x0800e184   0x000000cc   Code   RO         7372    i.luaV_objlen       lvm.o
    0x0800e250   0x0800e250   0x00000054   Code   RO         7373    i.luaV_shiftl       lvm.o
    0x0800e2a4   0x0800e2a4   0x000000dc   Code   RO         7374    i.luaV_tointeger    lvm.o
    0x0800e380   0x0800e380   0x00000072   Code   RO         7375    i.luaV_tonumber_    lvm.o
    0x0800e3f2   0x0800e3f2   0x00000002   PAD
    0x0800e3f4   0x0800e3f4   0x00000050   Code   RO         5169    i.luaX_init         llex.o
    0x0800e444   0x0800e444   0x00000014   Code   RO         5170    i.luaX_lookahead    llex.o
    0x0800e458   0x0800e458   0x0000006a   Code   RO         5171    i.luaX_newstring    llex.o
    0x0800e4c2   0x0800e4c2   0x00000034   Code   RO         5172    i.luaX_next         llex.o
    0x0800e4f6   0x0800e4f6   0x00000002   PAD
    0x0800e4f8   0x0800e4f8   0x00000060   Code   RO         5173    i.luaX_setinput     llex.o
    0x0800e558   0x0800e558   0x00000012   Code   RO         5174    i.luaX_syntaxerror  llex.o
    0x0800e56a   0x0800e56a   0x00000002   PAD
    0x0800e56c   0x0800e56c   0x0000004c   Code   RO         5175    i.luaX_token2str    llex.o
    0x0800e5b8   0x0800e5b8   0x00000090   Code   RO         5973    i.luaY_parser       lparser.o
    0x0800e648   0x0800e648   0x00000030   Code   RO         7516    i.luaZ_fill         lzio.o
    0x0800e678   0x0800e678   0x00000010   Code   RO         7517    i.luaZ_init         lzio.o
    0x0800e688   0x0800e688   0x0000005e   Code   RO         7518    i.luaZ_read         lzio.o
    0x0800e6e6   0x0800e6e6   0x00000002   PAD
    0x0800e6e8   0x0800e6e8   0x00000024   Code   RO         2173    i.lua_absindex      lapi.o
    0x0800e70c   0x0800e70c   0x0000000c   Code   RO         2175    i.lua_atpanic       lapi.o
    0x0800e718   0x0800e718   0x0000005c   Code   RO         2176    i.lua_callk         lapi.o
    0x0800e774   0x0800e774   0x00000074   Code   RO         2177    i.lua_checkstack    lapi.o
    0x0800e7e8   0x0800e7e8   0x00000050   Code   RO         2179    i.lua_concat        lapi.o
    0x0800e838   0x0800e838   0x00000068   Code   RO         2180    i.lua_copy          lapi.o
    0x0800e8a0   0x0800e8a0   0x0000000e   Code   RO         2183    i.lua_error         lapi.o
    0x0800e8ae   0x0800e8ae   0x00000002   PAD
    0x0800e8b0   0x0800e8b0   0x000000e4   Code   RO         2184    i.lua_gc            lapi.o
    0x0800e994   0x0800e994   0x00000022   Code   RO         2186    i.lua_getfield      lapi.o
    0x0800e9b6   0x0800e9b6   0x00000026   Code   RO         2187    i.lua_getglobal     lapi.o
    0x0800e9dc   0x0800e9dc   0x00000080   Code   RO         2188    i.lua_geti          lapi.o
    0x0800ea5c   0x0800ea5c   0x0000008c   Code   RO         4018    i.lua_getinfo       ldebug.o
    0x0800eae8   0x0800eae8   0x00000060   Code   RO         2189    i.lua_getmetatable  lapi.o
    0x0800eb48   0x0800eb48   0x00000038   Code   RO         4020    i.lua_getstack      ldebug.o
    0x0800eb80   0x0800eb80   0x00000010   Code   RO         2191    i.lua_gettop        lapi.o
    0x0800eb90   0x0800eb90   0x0000001e   Code   RO         2195    i.lua_isinteger     lapi.o
    0x0800ebae   0x0800ebae   0x0000002c   Code   RO         2196    i.lua_isnumber      lapi.o
    0x0800ebda   0x0800ebda   0x0000002c   Code   RO         2197    i.lua_isstring      lapi.o
    0x0800ec06   0x0800ec06   0x00000002   PAD
    0x0800ec08   0x0800ec08   0x0000008c   Code   RO         2200    i.lua_load          lapi.o
    0x0800ec94   0x0800ec94   0x000000d8   Code   RO         6379    i.lua_newstate      lstate.o
    0x0800ed6c   0x0800ed6c   0x00000038   Code   RO         2202    i.lua_next          lapi.o
    0x0800eda4   0x0800eda4   0x000000c4   Code   RO         2203    i.lua_pcallk        lapi.o
    0x0800ee68   0x0800ee68   0x00000018   Code   RO         2204    i.lua_pushboolean   lapi.o
    0x0800ee80   0x0800ee80   0x00000078   Code   RO         2205    i.lua_pushcclosure  lapi.o
    0x0800eef8   0x0800eef8   0x00000032   Code   RO         2206    i.lua_pushfstring   lapi.o
    0x0800ef2a   0x0800ef2a   0x00000014   Code   RO         2207    i.lua_pushinteger   lapi.o
    0x0800ef3e   0x0800ef3e   0x0000000e   Code   RO         2210    i.lua_pushnil       lapi.o
    0x0800ef4c   0x0800ef4c   0x00000014   Code   RO         2211    i.lua_pushnumber    lapi.o
    0x0800ef60   0x0800ef60   0x00000048   Code   RO         2212    i.lua_pushstring    lapi.o
    0x0800efa8   0x0800efa8   0x00000024   Code   RO         2214    i.lua_pushvalue     lapi.o
    0x0800efcc   0x0800efcc   0x00000026   Code   RO         2215    i.lua_pushvfstring  lapi.o
    0x0800eff2   0x0800eff2   0x00000002   PAD
    0x0800eff4   0x0800eff4   0x00000040   Code   RO         2216    i.lua_rawequal      lapi.o
    0x0800f034   0x0800f034   0x0000003e   Code   RO         2217    i.lua_rawget        lapi.o
    0x0800f072   0x0800f072   0x00000048   Code   RO         2218    i.lua_rawgeti       lapi.o
    0x0800f0ba   0x0800f0ba   0x00000046   Code   RO         2220    i.lua_rawlen        lapi.o
    0x0800f100   0x0800f100   0x00000074   Code   RO         2221    i.lua_rawset        lapi.o
    0x0800f174   0x0800f174   0x00000050   Code   RO         2224    i.lua_rotate        lapi.o
    0x0800f1c4   0x0800f1c4   0x00000022   Code   RO         2226    i.lua_setfield      lapi.o
    0x0800f1e6   0x0800f1e6   0x00000026   Code   RO         2227    i.lua_setglobal     lapi.o
    0x0800f20c   0x0800f20c   0x000000b6   Code   RO         2229    i.lua_setmetatable  lapi.o
    0x0800f2c2   0x0800f2c2   0x0000003e   Code   RO         2231    i.lua_settop        lapi.o
    0x0800f300   0x0800f300   0x000000a8   Code   RO         2232    i.lua_setupvalue    lapi.o
    0x0800f3a8   0x0800f3a8   0x0000001e   Code   RO         2235    i.lua_stringtonumber  lapi.o
    0x0800f3c6   0x0800f3c6   0x00000026   Code   RO         2236    i.lua_toboolean     lapi.o
    0x0800f3ec   0x0800f3ec   0x00000046   Code   RO         2238    i.lua_tointegerx    lapi.o
    0x0800f432   0x0800f432   0x00000074   Code   RO         2239    i.lua_tolstring     lapi.o
    0x0800f4a6   0x0800f4a6   0x00000044   Code   RO         2240    i.lua_tonumberx     lapi.o
    0x0800f4ea   0x0800f4ea   0x0000005a   Code   RO         2241    i.lua_topointer     lapi.o
    0x0800f544   0x0800f544   0x00000028   Code   RO         2244    i.lua_type          lapi.o
    0x0800f56c   0x0800f56c   0x00000010   Code   RO         2245    i.lua_typename      lapi.o
    0x0800f57c   0x0800f57c   0x00000014   Code   RO         2248    i.lua_version       lapi.o
    0x0800f590   0x0800f590   0x00000068   Code   RO         3154    i.luaopen_base      lbaselib.o
    0x0800f5f8   0x0800f5f8   0x00000024   Code   RO         2001    i.luaopen_mylib     lua_operation.o
    0x0800f61c   0x0800f61c   0x000000d8   Code   RO            5    i.main              main.o
    0x0800f6f4   0x0800f6f4   0x0000004c   Code   RO         5974    i.mainfunc          lparser.o
    0x0800f740   0x0800f740   0x00000108   Code   RO         6879    i.mainposition      ltable.o
    0x0800f848   0x0800f848   0x00000050   Code   RO         6381    i.makeseed          lstate.o
    0x0800f898   0x0800f898   0x00000020   Code   RO         4614    i.markbeingfnz      lgc.o
    0x0800f8b8   0x0800f8b8   0x00000038   Code   RO         4615    i.markmt            lgc.o
    0x0800f8f0   0x0800f8f0   0x00000014   Code   RO         5975    i.markupval         lparser.o
    0x0800f904   0x0800f904   0x00000050   Code   RO         5976    i.movegotosout      lparser.o
    0x0800f954   0x0800f954   0x000000d8   Code   RO         4245    i.moveresults       ldo.o
    0x0800fa2c   0x0800fa2c   0x00000032   Code   RO         3379    i.need_value        lcode.o
    0x0800fa5e   0x0800fa5e   0x00000028   Code   RO         3380    i.negatecondition   lcode.o
    0x0800fa86   0x0800fa86   0x00000002   PAD
    0x0800fa88   0x0800fa88   0x00000070   Code   RO         5977    i.new_localvar      lparser.o
    0x0800faf8   0x0800faf8   0x00000022   Code   RO         5978    i.new_localvarliteral_  lparser.o
    0x0800fb1a   0x0800fb1a   0x00000002   PAD
    0x0800fb1c   0x0800fb1c   0x00000078   Code   RO         5979    i.newlabelentry     lparser.o
    0x0800fb94   0x0800fb94   0x000000c8   Code   RO         5980    i.newupvalue        lparser.o
    0x0800fc5c   0x0800fc5c   0x00000024   Code   RO         3381    i.nilK              lcode.o
    0x0800fc80   0x0800fc80   0x000000d2   Code   RO         5670    i.numarith          lobject.o
    0x0800fd52   0x0800fd52   0x00000062   Code   RO         6880    i.numusearray       ltable.o
    0x0800fdb4   0x0800fdb4   0x0000004a   Code   RO         6881    i.numusehash        ltable.o
    0x0800fdfe   0x0800fdfe   0x00000052   Code   RO         5981    i.open_func         lparser.o
    0x0800fe50   0x0800fe50   0x00000062   Code   RO         3155    i.pairsmeta         lbaselib.o
    0x0800feb2   0x0800feb2   0x00000002   PAD
    0x0800feb4   0x0800feb4   0x0000005c   Code   RO         2794    i.panic             lauxlib.o
    0x0800ff10   0x0800ff10   0x00000098   Code   RO         5982    i.parlist           lparser.o
    0x0800ffa8   0x0800ffa8   0x0000004c   Code   RO         3382    i.patchlistaux      lcode.o
    0x0800fff4   0x0800fff4   0x00000060   Code   RO         3383    i.patchtestreg      lcode.o
    0x08010054   0x08010054   0x000009d8   Code   RO         7633    i.pow               m_ws.l(pow.o)
    0x08010a2c   0x08010a2c   0x00000036   Code   RO         6382    i.preinit_thread    lstate.o
    0x08010a62   0x08010a62   0x00000002   PAD
    0x08010a64   0x08010a64   0x00000068   Code   RO         5983    i.primaryexp        lparser.o
    0x08010acc   0x08010acc   0x00000014   Code   RO         4616    i.propagateall      lgc.o
    0x08010ae0   0x08010ae0   0x000000a4   Code   RO         4617    i.propagatemark     lgc.o
    0x08010b84   0x08010b84   0x0000008c   Code   RO         7376    i.pushclosure       lvm.o
    0x08010c10   0x08010c10   0x000000a4   Code   RO         2796    i.pushglobalfuncname  lauxlib.o
    0x08010cb4   0x08010cb4   0x0000002c   Code   RO         5671    i.pushstr           lobject.o
    0x08010ce0   0x08010ce0   0x0000018c   Code   RO         5176    i.read_long_string  llex.o
    0x08010e6c   0x08010e6c   0x00000138   Code   RO         5177    i.read_numeral      llex.o
    0x08010fa4   0x08010fa4   0x0000029c   Code   RO         5178    i.read_string       llex.o
    0x08011240   0x08011240   0x00000098   Code   RO         5179    i.readdecesc        llex.o
    0x080112d8   0x080112d8   0x00000024   Code   RO         5180    i.readhexaesc       llex.o
    0x080112fc   0x080112fc   0x00000128   Code   RO         5181    i.readutf8esc       llex.o
    0x08011424   0x08011424   0x0000006c   Code   RO         8086    i.realloc           mc_w.l(mallocr.o)
    0x08011490   0x08011490   0x000000de   Code   RO         4618    i.reallymarkobject  lgc.o
    0x0801156e   0x0801156e   0x00000002   PAD
    0x08011570   0x08011570   0x00000098   Code   RO         5984    i.recfield          lparser.o
    0x08011608   0x08011608   0x0000009c   Code   RO         5985    i.registerlocalvar  lparser.o
    0x080116a4   0x080116a4   0x00000062   Code   RO         6882    i.rehash            ltable.o
    0x08011706   0x08011706   0x00000062   Code   RO         4619    i.remarkupvals      lgc.o
    0x08011768   0x08011768   0x00000018   Code   RO         4620    i.removeentry       lgc.o
    0x08011780   0x08011780   0x00000024   Code   RO         3384    i.removevalues      lcode.o
    0x080117a4   0x080117a4   0x0000003e   Code   RO         5986    i.removevars        lparser.o
    0x080117e2   0x080117e2   0x00000078   Code   RO         5987    i.repeatstat        lparser.o
    0x0801185a   0x0801185a   0x0000004c   Code   RO         4621    i.restartcollection  lgc.o
    0x080118a6   0x080118a6   0x000000ac   Code   RO         5988    i.retstat           lparser.o
    0x08011952   0x08011952   0x00000032   Code   RO         2250    i.reverse           lapi.o
    0x08011984   0x08011984   0x00000030   Code   RO         4622    i.runafewfinalizers  lgc.o
    0x080119b4   0x080119b4   0x00000068   Code   RO         5182    i.save              llex.o
    0x08011a1c   0x08011a1c   0x0000002a   Code   RO         5989    i.searchupvalue     lparser.o
    0x08011a46   0x08011a46   0x0000002c   Code   RO         5990    i.searchvar         lparser.o
    0x08011a72   0x08011a72   0x00000014   Code   RO         5991    i.semerror          lparser.o
    0x08011a86   0x08011a86   0x00000040   Code   RO         4623    i.separatetobefnz   lgc.o
    0x08011ac6   0x08011ac6   0x00000046   Code   RO         6883    i.setarrayvector    ltable.o
    0x08011b0c   0x08011b0c   0x00000080   Code   RO         4249    i.seterrorobj       ldo.o
    0x08011b8c   0x08011b8c   0x00000090   Code   RO         6884    i.setnodevector     ltable.o
    0x08011c1c   0x08011c1c   0x0000003c   Code   RO         4624    i.setpause          lgc.o
    0x08011c58   0x08011c58   0x00000124   Code   RO         5992    i.simpleexp         lparser.o
    0x08011d7c   0x08011d7c   0x000000e6   Code   RO         4625    i.singlestep        lgc.o
    0x08011e62   0x08011e62   0x00000048   Code   RO         5993    i.singlevar         lparser.o
    0x08011eaa   0x08011eaa   0x00000080   Code   RO         5994    i.singlevaraux      lparser.o
    0x08011f2a   0x08011f2a   0x00000002   PAD
    0x08011f2c   0x08011f2c   0x00000044   Code   RO         2798    i.skipBOM           lauxlib.o
    0x08011f70   0x08011f70   0x00000076   Code   RO         5183    i.skip_sep          llex.o
    0x08011fe6   0x08011fe6   0x00000036   Code   RO         2799    i.skipcomment       lauxlib.o
    0x0801201c   0x0801201c   0x0000001c   Code   RO         5995    i.skipnoopstat      lparser.o
    0x08012038   0x08012038   0x0000004c   Code   RO         7651    i.sqrt              m_ws.l(sqrt.o)
    0x08012084   0x08012084   0x0000006a   Code   RO         6383    i.stack_init        lstate.o
    0x080120ee   0x080120ee   0x00000002   PAD
    0x080120f0   0x080120f0   0x0000003c   Code   RO         4250    i.stackerror        ldo.o
    0x0801212c   0x0801212c   0x00000020   Code   RO         4251    i.stackinuse        ldo.o
    0x0801214c   0x0801214c   0x0000013a   Code   RO         5996    i.statement         lparser.o
    0x08012286   0x08012286   0x0000002c   Code   RO         5997    i.statlist          lparser.o
    0x080122b2   0x080122b2   0x0000001a   Code   RO         5998    i.str_checkname     lparser.o
    0x080122cc   0x080122cc   0x0000001c   Code   RO         7659    i.strtod            m_ws.l(strtod.o)
    0x080122e8   0x080122e8   0x000000b8   Code   RO         5999    i.subexpr           lparser.o
    0x080123a0   0x080123a0   0x000000a2   Code   RO         6000    i.suffixedexp       lparser.o
    0x08012442   0x08012442   0x0000001e   Code   RO         4023    i.swapextra         ldebug.o
    0x08012460   0x08012460   0x00000066   Code   RO         4626    i.sweeplist         lgc.o
    0x080124c6   0x080124c6   0x00000044   Code   RO         4627    i.sweepstep         lgc.o
    0x0801250a   0x0801250a   0x0000001e   Code   RO         4628    i.sweeptolive       lgc.o
    0x08012528   0x08012528   0x00000022   Code   RO         2800    i.tag_error         lauxlib.o
    0x0801254a   0x0801254a   0x000000cc   Code   RO         6001    i.test_then_block   lparser.o
    0x08012616   0x08012616   0x0000001a   Code   RO         6002    i.testnext          lparser.o
    0x08012630   0x08012630   0x00000006   Code   RO            7    i.time              main.o
    0x08012636   0x08012636   0x0000004a   Code   RO         3385    i.tonumeral         lcode.o
    0x08012680   0x08012680   0x0000004e   Code   RO         4629    i.traverseCclosure  lgc.o
    0x080126ce   0x080126ce   0x00000078   Code   RO         4630    i.traverseLclosure  lgc.o
    0x08012746   0x08012746   0x000000e0   Code   RO         4631    i.traverseephemeron  lgc.o
    0x08012826   0x08012826   0x0000012c   Code   RO         4632    i.traverseproto     lgc.o
    0x08012952   0x08012952   0x0000009a   Code   RO         4633    i.traversestrongtable  lgc.o
    0x080129ec   0x080129ec   0x000000ce   Code   RO         4634    i.traversetable     lgc.o
    0x08012aba   0x08012aba   0x0000007e   Code   RO         4635    i.traversethread    lgc.o
    0x08012b38   0x08012b38   0x00000078   Code   RO         4636    i.traverseweakvalue  lgc.o
    0x08012bb0   0x08012bb0   0x00000064   Code   RO         4252    i.tryfuncTM         ldo.o
    0x08012c14   0x08012c14   0x0000004c   Code   RO         5184    i.txtToken          llex.o
    0x08012c60   0x08012c60   0x00000094   Code   RO         2801    i.typeerror         lauxlib.o
    0x08012cf4   0x08012cf4   0x0000003c   Code   RO         1935    i.uart_init         usart.o
    0x08012d30   0x08012d30   0x0000003a   Code   RO         4637    i.udata2finalize    lgc.o
    0x08012d6a   0x08012d6a   0x000000b8   Code   RO         6885    i.unbound_search    ltable.o
    0x08012e22   0x08012e22   0x00000002   PAD
    0x08012e24   0x08012e24   0x0000008c   Code   RO         6003    i.undefgoto         lparser.o
    0x08012eb0   0x08012eb0   0x00000018   Code   RO         4024    i.upvalname         ldebug.o
    0x08012ec8   0x08012ec8   0x0000002e   Code   RO         5185    i.utf8esc           llex.o
    0x08012ef6   0x08012ef6   0x000000a4   Code   RO         3386    i.validop           lcode.o
    0x08012f9a   0x08012f9a   0x00000002   PAD
    0x08012f9c   0x08012f9c   0x00000078   Code   RO         4025    i.varinfo           ldebug.o
    0x08013014   0x08013014   0x0000006e   Code   RO         6004    i.whilestat         lparser.o
    0x08013082   0x08013082   0x00000026   Code   RO         6005    i.yindex            lparser.o
    0x080130a8   0x080130a8   0x00000018   Data   RO          363    .constdata          system_stm32f1xx.o
    0x080130c0   0x080130c0   0x0000007c   Data   RO         2002    .constdata          lua_operation.o
    0x0801313c   0x0801313c   0x00000004   PAD
    0x08013140   0x08013140   0x00000090   Data   RO         2251    .constdata          lapi.o
    0x080131d0   0x080131d0   0x0000010c   Data   RO         3156    .constdata          lbaselib.o
    0x080132dc   0x080132dc   0x00000004   PAD
    0x080132e0   0x080132e0   0x00000018   Data   RO         3387    .constdata          lcode.o
    0x080132f8   0x080132f8   0x00000101   Data   RO         3814    .constdata          lctype.o
    0x080133f9   0x080133f9   0x00000003   PAD
    0x080133fc   0x080133fc   0x00000094   Data   RO         5186    .constdata          llex.o
    0x08013490   0x08013490   0x00000110   Data   RO         5672    .constdata          lobject.o
    0x080135a0   0x080135a0   0x000000ef   Data   RO         5787    .constdata          lopcodes.o
    0x0801368f   0x0801368f   0x0000002a   Data   RO         6006    .constdata          lparser.o
    0x080136b9   0x080136b9   0x00000007   PAD
    0x080136c0   0x080136c0   0x00000020   Data   RO         6886    .constdata          ltable.o
    0x080136e0   0x080136e0   0x00000098   Data   RO         7134    .constdata          ltm.o
    0x08013778   0x08013778   0x00000088   Data   RO         7634    .constdata          m_ws.l(pow.o)
    0x08013800   0x08013800   0x00000081   Data   RO         7729    .constdata          mc_w.l(ctype_o.o)
    0x08013881   0x08013881   0x00000003   PAD
    0x08013884   0x08013884   0x00000004   Data   RO         7730    .constdata          mc_w.l(ctype_o.o)
    0x08013888   0x08013888   0x00000008   Data   RO         8171    .constdata          m_ws.l(qnan.o)
    0x08013890   0x08013890   0x00000038   Data   RO         8208    .constdata          mc_w.l(ilconv.o)
    0x080138c8   0x080138c8   0x0000001e   Data   RO         2003    .conststring        lua_operation.o
    0x080138e6   0x080138e6   0x00000002   PAD
    0x080138e8   0x080138e8   0x00000131   Data   RO         3157    .conststring        lbaselib.o
    0x08013a19   0x08013a19   0x00000003   PAD
    0x08013a1c   0x08013a1c   0x000000e4   Data   RO         5187    .conststring        llex.o
    0x08013b00   0x08013b00   0x0000015f   Data   RO         5788    .conststring        lopcodes.o
    0x08013c5f   0x08013c5f   0x00000001   PAD
    0x08013c60   0x08013c60   0x00000103   Data   RO         7135    .conststring        ltm.o
    0x08013d63   0x08013d63   0x00000001   PAD
    0x08013d64   0x08013d64   0x00000005   Data   RO         8209    .conststring        mc_w.l(ilconv.o)
    0x08013d69   0x08013d69   0x00000003   PAD
    0x08013d6c   0x08013d6c   0x00000020   Data   RO         8251    Region$$Table       anon$$obj.o


    Execution Region RW_IRAM1 (Exec base: 0x20000000, Load base: 0x08013d8c, Size: 0x00009d00, Max: 0x00010000, ABSOLUTE, COMPRESSED[0x00000070])

    Exec Addr    Load Addr    Size         Type   Attr      Idx    E Section Name        Object

    0x20000000   COMPRESSED   0x00000004   Data   RW          364    .data               system_stm32f1xx.o
    0x20000004   COMPRESSED   0x00000009   Data   RW          512    .data               stm32f1xx_hal.o
    0x2000000d   COMPRESSED   0x00000003   PAD
    0x20000010   COMPRESSED   0x00000004   Data   RW         1848    .data               delay.o
    0x20000014   COMPRESSED   0x00000258   Data   RW         2004    .data               lua_operation.o
    0x2000026c   COMPRESSED   0x00000004   Data   RW         7717    .data               mc_w.l(stdin.o)
    0x20000270   COMPRESSED   0x00000004   Data   RW         7718    .data               mc_w.l(stdout.o)
    0x20000274   COMPRESSED   0x00000004   Data   RW         7719    .data               mc_w.l(stderr.o)
    0x20000278   COMPRESSED   0x00000004   Data   RW         8110    .data               mc_w.l(errno.o)
    0x2000027c   COMPRESSED   0x00000004   Data   RW         8216    .data               mc_w.l(mvars.o)
    0x20000280   COMPRESSED   0x00000004   Data   RW         8217    .data               mc_w.l(mvars.o)
    0x20000284        -       0x000001f4   Zero   RW            8    .bss                main.o
    0x20000478        -       0x00000888   Zero   RW         1936    .bss                usart.o
    0x20000d00        -       0x00008000   Zero   RW          478    HEAP                startup_stm32f103xe.o
    0x20008d00        -       0x00001000   Zero   RW          477    STACK               startup_stm32f103xe.o


==============================================================================

Image component sizes


      Code (inc. data)   RO Data    RW Data    ZI Data      Debug   Object Name

       116          8          0          4          0       1743   delay.o
      3980         94        144          0          0      56989   lapi.o
      2936        578          0          0          0      27947   lauxlib.o
      2884        450        573          0          0      17427   lbaselib.o
      5010        258         24          0          0      65764   lcode.o
         0          0        257          0          0       2838   lctype.o
      3030        428          0          0          0      40261   ldebug.o
      2612        160          0          0          0      37800   ldo.o
         0          0          0          0          0      17382   ldump.o
       168         20          0          0          0       1759   led.o
       592          0          0          0          0       5283   lfunc.o
      4604         64          0          0          0      49072   lgc.o
      4342        462        376          0          0      36112   llex.o
       296         70          0          0          0       1982   lmem.o
      2682        186        272          0          0      31040   lobject.o
         0          0        590          0          0        696   lopcodes.o
      8708        772         42          0          0      56350   lparser.o
       922         16          0          0          0       8310   lstate.o
       946         20          0          0          0       8178   lstring.o
      2876        134         32          0          0      19821   ltable.o
       810         92        411          0          0       7114   ltm.o
       348         74        154        600          0      11855   lua_operation.o
      1750        280          0          0          0      10198   lundump.o
     11938        456          0          0          0      46738   lvm.o
       158          0          0          0          0       2284   lzio.o
       222         86          0          0        500     458069   main.o
        36          8        304          0      36864        764   startup_stm32f103xe.o
       152         32          0          9          0       5689   stm32f1xx_hal.o
       344         22          0          0          0      29621   stm32f1xx_hal_cortex.o
       426          8          0          0          0       3150   stm32f1xx_hal_dma.o
       844         40          0          0          0       2604   stm32f1xx_hal_gpio.o
         2          0          0          0          0        382   stm32f1xx_hal_msp.o
      1784        110          0          0          0       5788   stm32f1xx_hal_rcc.o
      1050         18          0          0          0       7399   stm32f1xx_hal_uart.o
        32          0          0          0          0       3470   stm32f1xx_it.o
        86          0          0          0          0        663   sys.o
        88         18         24          4          0        995   system_stm32f1xx.o
       544         72          0          0       2184       4426   usart.o

    ----------------------------------------------------------------------
     67428       5036       3260        620      39548    1087963   Object Totals
         0          0         32          0          0          0   (incl. Generated)
       110          0         25          3          0          0   (incl. Padding)

    ----------------------------------------------------------------------

      Code (inc. data)   RO Data    RW Data    ZI Data      Debug   Library Member Name

        62         10          0          0          0        340   dunder.o
       220         16          0          0          0         84   floor.o
       148          4          0          0          0         88   fmod.o
        40          0          0          0          0         68   fpclassify.o
        88          8          0          0          0         76   frexp.o
       170          0          0          0          0         96   poly.o
      2520        190        136          0          0        324   pow.o
         0          0          8          0          0          0   qnan.o
        76          0          0          0          0         84   sqrt.o
        28          0          0          0          0         80   strtod.o
        86          0          0          0          0          0   __dczerorl2.o
        64          0          0          0          0         84   _sgetc.o
         8          4        133          0          0         68   ctype_o.o
         0          0          0          0          0          0   entry.o
         0          0          0          0          0          0   entry10a.o
         0          0          0          0          0          0   entry11a.o
         8          4          0          0          0          0   entry2.o
         4          0          0          0          0          0   entry5.o
         0          0          0          0          0          0   entry7b.o
         0          0          0          0          0          0   entry8b.o
         8          4          0          0          0          0   entry9a.o
        20         10          0          4          0        136   errno.o
        52          0          0          0          0         88   fread.o
        36          0          0          0          0         84   fwrite.o
         4          0          0          0          0         68   getc.o
        30          0          0          0          0          0   handlers.o
         0          0         61          0          0          0   ilconv.o
        36          8          0          0          0         68   init.o
        18          0          0          0          0         76   isspace_o.o
         0          0          0          0          0          0   iusefp.o
        98          0          0          0          0         84   ldiv.o
        30          0          0          0          0         68   llshl.o
        36          0          0          0          0         68   llsshr.o
        32          0          0          0          0         68   llushr.o
         8          4          0          0          0         68   localeconv.o
       360         30          0          0          0        356   mallocr.o
        26          0          0          0          0         80   memcmp.o
        36          0          0          0          0         68   memcpya.o
        36          0          0          0          0        108   memseta.o
         0          0          0          8          0          0   mvars.o
      2356        100          0          0          0        688   printfa.o
       878         12          0          0          0        216   scanf_fp.o
         0          0          0          4          0          0   stderr.o
         0          0          0          4          0          0   stdin.o
         0          0          0          4          0          0   stdout.o
        20          0          0          0          0         68   strchr.o
        28          0          0          0          0         76   strcmp.o
         4          0          0          0          0         68   strcoll.o
        18          0          0          0          0         68   strcpy.o
       228        196          0          0          0         68   strerror.o
        14          0          0          0          0         68   strlen.o
        30          0          0          0          0         80   strncmp.o
        32          0          0          0          0         76   strpbrk.o
        28          0          0          0          0         80   strspn.o
       156         12          0          0          0        120   strtod.o
        12          0          0          0          0         68   toupper.o
        44          0          0          0          0         80   uidiv.o
        98          0          0          0          0         92   uldiv.o
        48          0          0          0          0         68   cdcmple.o
        48          0          0          0          0         68   cdrcmple.o
        56          0          0          0          0         88   d2f.o
       334          0          0          0          0        148   dadd.o
       222          0          0          0          0        100   ddiv.o
       186          0          0          0          0        176   depilogue.o
        74          0          0          0          0         80   dfixl.o
        50          0          0          0          0         76   dfixui.o
        48          0          0          0          0         68   dfixul.o
        34          0          0          0          0         76   dflti.o
        40          0          0          0          0         80   dfltl.o
        24          0          0          0          0         76   dfltul.o
       228          0          0          0          0         96   dmul.o
       134          0          0          0          0         96   drem.o
        46          0          0          0          0         80   dscalb.o
       162          0          0          0          0        100   dsqrt.o
       110          0          0          0          0        168   fepilogue.o
        62          0          0          0          0         96   setjmp.o

    ----------------------------------------------------------------------
     10260        612        344         24          0       6536   Library Totals
        20          0          6          0          0          0   (incl. Padding)

    ----------------------------------------------------------------------

      Code (inc. data)   RO Data    RW Data    ZI Data      Debug   Library Name

      3352        228        144          0          0       1240   m_ws.l
      4982        384        194         24          0       3556   mc_w.l
      1906          0          0          0          0       1740   mf_w.l

    ----------------------------------------------------------------------
     10260        612        344         24          0       6536   Library Totals

    ----------------------------------------------------------------------

==============================================================================


      Code (inc. data)   RO Data    RW Data    ZI Data      Debug   

     77688       5648       3604        644      39548    1060619   Grand Totals
     77688       5648       3604        112      39548    1060619   ELF Image Totals (compressed)
     77688       5648       3604        112          0          0   ROM Totals

==============================================================================

    Total RO  Size (Code + RO Data)                81292 (  79.39kB)
    Total RW  Size (RW Data + ZI Data)             40192 (  39.25kB)
    Total ROM Size (Code + RO Data + RW Data)      81404 (  79.50kB)

==============================================================================

